Microchip Technology Inc, v2.10 (B)

Tool Name:
  c:\program files\microchip\xc16\v2.10\bin\bin\..\bin/elf-ld.exe

Command:
  -TC:\\Users\\YUSHEN~1\\AppData\\Local\\Temp\\tmp00005ae8.00 \
  -TC:\\Users\\YUSHEN~1\\AppData\\Local\\Temp\\tmp00005ae8.01 \
  -TC:\\Users\\YUSHEN~1\\AppData\\Local\\Temp\\tmp00005ae8.02 \
  -TC:\\Users\\YUSHEN~1\\AppData\\Local\\Temp\\tmp00005ae8.03 \
  -TC:\\Users\\YUSHEN~1\\AppData\\Local\\Temp\\tmp00005ae8.04 \
  -TC:\\Users\\YUSHEN~1\\AppData\\Local\\Temp\\tmp00005ae8.05 \
  -TC:\\Users\\YUSHEN~1\\AppData\\Local\\Temp\\tmp00005ae8.06 \
  -p24FJ128GA202 \
  --mdfp=C:/Users/Yu Sheng/.mchp_packs/Microchip/PIC24F-GA-GB_DFP/1.8.217/xc16 \
  -o \
  dist/default/debug/rtos_template.X.debug.elf \
  -Lc:/program files/microchip/xc16/v2.10/bin/bin/.. \
  -LC:/Users/Yu Sheng/.mchp_packs/Microchip/PIC24F-GA-GB_DFP/1.8.217/xc16/bin/../support/PIC24F/gld \
  -Lc:/program files/microchip/xc16/v2.10/bin/bin/../../lib \
  -Lc:/program files/microchip/xc16/v2.10/bin/bin/../../support/PIC24E/gld \
  -Lc:/program files/microchip/xc16/v2.10/bin/bin/../../support/PIC24F/gld \
  -Lc:/program files/microchip/xc16/v2.10/bin/bin/../../support/PIC24H/gld \
  -Lc:/program files/microchip/xc16/v2.10/bin/bin/../../support/dsPIC30F/gld \
  -Lc:/program files/microchip/xc16/v2.10/bin/bin/../../support/dsPIC33C/gld \
  -Lc:/program files/microchip/xc16/v2.10/bin/bin/../../support/dsPIC33E/gld \
  -Lc:/program files/microchip/xc16/v2.10/bin/bin/../../support/dsPIC33F/gld \
  build/default/debug/src/app/taskSerial.o \
  build/default/debug/src/app/taskDAC.o \
  build/default/debug/src/MCP4901.o \
  build/default/debug/src/taskButton.o \
  build/default/debug/src/taskADC.o \
  build/default/debug/FreeRTOS/Source/croutine.o \
  build/default/debug/FreeRTOS/Source/event_groups.o \
  build/default/debug/FreeRTOS/Source/list.o \
  build/default/debug/FreeRTOS/Source/queue.o \
  build/default/debug/FreeRTOS/Source/stream_buffer.o \
  build/default/debug/FreeRTOS/Source/tasks.o \
  build/default/debug/FreeRTOS/Source/timers.o \
  build/default/debug/FreeRTOS/Source/portable/GCC/MemMang/heap_4.o \
  build/default/debug/FreeRTOS/Source/portable/MPLAB/PIC24_dsPIC/port.o \
  build/default/debug/FreeRTOS/Source/portable/MPLAB/PIC24_dsPIC/portasm_PIC24.o \
  build/default/debug/FreeRTOS/Source/portable/MPLAB/PIC24_dsPIC/portasm_dsPIC.o \
  build/default/debug/mcc_generated_files/system.o \
  build/default/debug/mcc_generated_files/traps.o \
  build/default/debug/mcc_generated_files/mcc.o \
  build/default/debug/mcc_generated_files/interrupt_manager.o \
  build/default/debug/mcc_generated_files/pin_manager.o \
  build/default/debug/mcc_generated_files/clock.o \
  build/default/debug/mcc_generated_files/delay.o \
  build/default/debug/mcc_generated_files/uart1.o \
  build/default/debug/mcc_generated_files/adc1.o \
  build/default/debug/mcc_generated_files/oc2.o \
  build/default/debug/mcc_generated_files/oc1.o \
  build/default/debug/mcc_generated_files/oc3.o \
  build/default/debug/mcc_generated_files/tmr2.o \
  build/default/debug/src/main.o \
  build/default/debug/src/rtos_hooks.o \
  build/default/debug/src/rgb_led.o \
  --local-stack \
  --defsym=__MPLAB_BUILD=1 \
  --defsym=__MPLAB_DEBUG=1 \
  --defsym=__DEBUG=1 \
  -Tp24FJ128GA202.gld.07 \
  --stack=16 \
  --check-sections \
  --data-init \
  --pack-data \
  --handles \
  --isr \
  --no-gc-sections \
  --fill-upper=0 \
  --stackguard=16 \
  --no-force-link \
  --smart-io \
  -Map=dist/default/debug/rtos_template.X.debug.map \
  --report-mem \
  --memorysummary \
  dist/default/debug/memoryfile.xml \
  -start-group \
  --library=c99-pic30-elf \
  --library=m-elf \
  --library=c99-elf \
  -end-group \


Optional library libpPIC24Fxxx.a not found
Archive member included because of file (symbol)

c:/program files/microchip/xc16/v2.10/bin/bin/../../lib\libc99-pic30-elf.a(crt0_extended24.o)
                              (__resetPRI)
c:/program files/microchip/xc16/v2.10/bin/bin/../../lib\libc99-pic30-elf.a(data_init_24.o)
                              c:/program files/microchip/xc16/v2.10/bin/bin/../../lib\libc99-pic30-elf.a(crt0_extended24.o) (__data_init_da)
c:/program files/microchip/xc16/v2.10/bin/bin/../../lib\libc99-pic30-elf.a(crt_start_mode_normalda.Meo)
                              (__crt_start_mode_normal)
c:/program files/microchip/xc16/v2.10/bin/bin/../../lib\libc99-pic30-elf.a(delay32da.Meo)
                              build/default/debug/mcc_generated_files/delay.o (___delay32)
c:/program files/microchip/xc16/v2.10/bin/bin/../../lib\libc99-pic30-elf.a(fgtge.DA_o)
                              build/default/debug/src/taskADC.o (___gtsf2)
c:/program files/microchip/xc16/v2.10/bin/bin/../../lib\libc99-pic30-elf.a(floatsisf.DA_o)
                              build/default/debug/src/taskADC.o (___floatsisf)
c:/program files/microchip/xc16/v2.10/bin/bin/../../lib\libc99-pic30-elf.a(floatunsisf.DA_o)
[...]
Memory Configuration

Name             Origin             Length             Attributes
data             0x000800           0x002000           a !xr
reset            0x000000           0x000004  
ivt              0x000004           0x0000fc  
_reserved        0x000100           0x000004  
aivt             0x000104           0x0000fc  
program          0x000200           0x0155f8           xr
CONFIG4          0x0157f8           0x000002  
CONFIG3          0x0157fa           0x000002  
CONFIG2          0x0157fc           0x000002  
CONFIG1          0x0157fe           0x000002  
*default*        0x000000           0xffffffff  

Linker script and memory map


reserve_data_0x800
                    0x0800         0x1c
                    0x081c                  . = 0x1c
 *fill*             0x0800         0x1c00

reserve_data_0x81c
                    0x081c          0x2
                    0x081e                  . = 0x2
 *fill*             0x081c          0x200

reserve_data_0x81e
                    0x081e          0x2
                    0x0820                  . = 0x2
 *fill*             0x081e          0x200

reserve_data_0x820
                    0x0820          0x2
                    0x0822                  . = 0x2
 *fill*             0x0820          0x200

reserve_data_0x822
                    0x0822          0x2
                    0x0824                  . = 0x2
 *fill*             0x0822          0x200

reserve_data_0x824
                    0x0824          0x4
                    0x0828                  . = 0x4
 *fill*             0x0824          0x400

reserve_data_0x82a
                    0x082a         0x26
                    0x0850                  . = 0x26
 *fill*             0x082a         0x2600
LOAD build/default/debug/src/app/taskSerial.o
LOAD build/default/debug/src/app/taskDAC.o
LOAD build/default/debug/src/MCP4901.o
LOAD build/default/debug/src/taskButton.o
LOAD build/default/debug/src/taskADC.o
LOAD build/default/debug/FreeRTOS/Source/croutine.o
LOAD build/default/debug/FreeRTOS/Source/event_groups.o
LOAD build/default/debug/FreeRTOS/Source/list.o
LOAD build/default/debug/FreeRTOS/Source/queue.o
LOAD build/default/debug/FreeRTOS/Source/stream_buffer.o
LOAD build/default/debug/FreeRTOS/Source/tasks.o
LOAD build/default/debug/FreeRTOS/Source/timers.o
LOAD build/default/debug/FreeRTOS/Source/portable/GCC/MemMang/heap_4.o
LOAD build/default/debug/FreeRTOS/Source/portable/MPLAB/PIC24_dsPIC/port.o
LOAD build/default/debug/FreeRTOS/Source/portable/MPLAB/PIC24_dsPIC/portasm_PIC24.o
LOAD build/default/debug/FreeRTOS/Source/portable/MPLAB/PIC24_dsPIC/portasm_dsPIC.o
LOAD build/default/debug/mcc_generated_files/system.o
LOAD build/default/debug/mcc_generated_files/traps.o
LOAD build/default/debug/mcc_generated_files/mcc.o
LOAD build/default/debug/mcc_generated_files/interrupt_manager.o
LOAD build/default/debug/mcc_generated_files/pin_manager.o
LOAD build/default/debug/mcc_generated_files/clock.o
LOAD build/default/debug/mcc_generated_files/delay.o
LOAD build/default/debug/mcc_generated_files/uart1.o
LOAD build/default/debug/mcc_generated_files/adc1.o
LOAD build/default/debug/mcc_generated_files/oc2.o
LOAD build/default/debug/mcc_generated_files/oc1.o
LOAD build/default/debug/mcc_generated_files/oc3.o
LOAD build/default/debug/mcc_generated_files/tmr2.o
LOAD build/default/debug/src/main.o
LOAD build/default/debug/src/rtos_hooks.o
LOAD build/default/debug/src/rgb_led.o
                    0x0001                  __MPLAB_BUILD = 0x1
                    0x0001                  __MPLAB_DEBUG = 0x1
                    0x0001                  __DEBUG = 0x1
LOAD pPIC24Fxxx
LOAD c:/program files/microchip/xc16/v2.10/bin/bin/../../lib\libfx-elf.a
                    0x157f8                  __CONFIG4 = 0x157f8
                    0x157fa                  __CONFIG3 = 0x157fa
                    0x157fc                  __CONFIG2 = 0x157fc
                    0x157fe                  __CONFIG1 = 0x157fe
                    0x0200                  __CODE_BASE = 0x200
                    0x155f8                  __CODE_LENGTH = 0x155f8
                    0x0004                  __IVT_BASE = 0x4
                    0x0104                  __AIVT_BASE = 0x104
                    0x0800                  __DATA_BASE = 0x800
                    0x2000                  __DATA_LENGTH = 0x2000

.reset            0x000000          0x4
                  0x000000          0x2 SHORT 0x200 ABSOLUTE (__reset)
                  0x000001          0x2 SHORT 0x4
                  0x000002          0x2 SHORT 0x0 ((ABSOLUTE (__reset) >> 0x10) & 0x7f)
                  0x000003          0x2 SHORT 0x0

.text             0x000200       0x1f26
 *(.init)
 .init            0x000200         0x4c c:/program files/microchip/xc16/v2.10/bin/bin/../../lib\libc99-pic30-elf.a(crt0_extended24.o)
                  0x000200                  __resetPRI
                  0x000200                  __reset
                  0x00023c                  __psv_init
 .init            0x00024c         0xb8 c:/program files/microchip/xc16/v2.10/bin/bin/../../lib\libc99-pic30-elf.a(data_init_24.o)
                  0x000252                  __data_init
                  0x000252                  __data_init_da
 *(.user_init)
 *(.handle)
 .handle          0x000304         0x3c jump_table
 *(.isr*)
 .isr.text        0x000340         0x3e build/default/debug/FreeRTOS/Source/portable/MPLAB/PIC24_dsPIC/port.o
                  0x000340                  __T1Interrupt
 .isr.text        0x00037e         0x94 build/default/debug/mcc_generated_files/traps.o
                  0x00037e                  __OscillatorFail
                  0x0003a2                  __StackError
                  0x0003ca                  __AddressError
                  0x0003ee                  __MathError
 .isr             0x000412          0x4 default_isr
                  0x000412                  __DefaultInterrupt
 *(.libc)
 .libc            0x000416         0x12 c:/program files/microchip/xc16/v2.10/bin/bin/../../lib\libc99-pic30-elf.a(closeda.Meo)
                  0x000416                  _close
 *(.libm)
 *(.libdsp)
 *(.lib*)
 .libc.write      0x000428         0x2e build/default/debug/mcc_generated_files/uart1.o
                  0x000428                  _write
 .libpic30_crt_start_mode
                  0x000456          0x2 c:/program files/microchip/xc16/v2.10/bin/bin/../../lib\libc99-pic30-elf.a(crt_start_mode_normalda.Meo)
                  0x000456                  __crt_start_mode
                  0x000456                  __crt_start_mode_normal
 .libm.gtsf2      0x000458          0x4 c:/program files/microchip/xc16/v2.10/bin/bin/../../lib\libc99-pic30-elf.a(fgtge.DA_o)
                  0x000458                  ___gesf2
                  0x000458                  ___gtsf2
 .libm.floatsisf
                  0x00045c          0x6 c:/program files/microchip/xc16/v2.10/bin/bin/../../lib\libc99-pic30-elf.a(floatsisf.DA_o)
                  0x00045c                  ___floatsisf
 .libm.floatunsisf
                  0x000462          0x4 c:/program files/microchip/xc16/v2.10/bin/bin/../../lib\libc99-pic30-elf.a(floatunsisf.DA_o)
                  0x000462                  ___floatunsisf
 .libm.nesf2      0x000466          0x4 c:/program files/microchip/xc16/v2.10/bin/bin/../../lib\libc99-pic30-elf.a(fne.DA_o)
                  0x000466                  ___nesf2
 .libm.udivsi3    0x00046a         0x20 c:/program files/microchip/xc16/v2.10/bin/bin/../../lib\libc99-pic30-elf.a(udivsi3.DA_o)
                  0x00046a                  ___udivsi3
 .libmx           0x00048a        0x1dc c:/program files/microchip/xc16/v2.10/bin/bin/../../lib\libc99-pic30-elf.a(addsf3x.DA_o)
                  0x00048a                  ___subsf3x
                  0x00048a                  ___subsf3
                  0x00049c                  ___addsf3x
                  0x00049c                  ___addsf3
 .libmx           0x000666        0x1be c:/program files/microchip/xc16/v2.10/bin/bin/../../lib\libc99-pic30-elf.a(divsf3x.DA_o)
                  0x000666                  ___divsf3x
                  0x000666                  ___divsf3
                  0x0007f8                  __sdivf
 .libmx           0x000824         0x54 c:/program files/microchip/xc16/v2.10/bin/bin/../../lib\libc99-pic30-elf.a(dnrmpackfx.DA_o)
                  0x000824                  __dnrmpackf
 .libmx           0x000878         0x34 c:/program files/microchip/xc16/v2.10/bin/bin/../../lib\libc99-pic30-elf.a(typefx.DA_o)
                  0x000878                  __typef
 .libmx           0x0008ac         0x12 c:/program files/microchip/xc16/v2.10/bin/bin/../../lib\libc99-pic30-elf.a(propnanfx.DA_o)
                  0x0008ac                  __propnanf
 .libmx           0x0008be         0xa6 c:/program files/microchip/xc16/v2.10/bin/bin/../../lib\libc99-pic30-elf.a(spackfx.DA_o)
                  0x0008be                  __spackf
 .libmx           0x000964         0x66 c:/program files/microchip/xc16/v2.10/bin/bin/../../lib\libc99-pic30-elf.a(unpackfx.DA_o)
                  0x000964                  __unpackf
 .libm.fcompare
                  0x0009ca         0x36 c:/program files/microchip/xc16/v2.10/bin/bin/../../lib\libc99-pic30-elf.a(fcompare.DA_o)
                  0x0009ca                  __fcompare
 .libm.floatdisf
                  0x000a00         0x20 c:/program files/microchip/xc16/v2.10/bin/bin/../../lib\libc99-pic30-elf.a(floatdisf.DA_o)
                  0x000a00                  ___floatdisf
 .libm.floatundisf
                  0x000a20         0x5e c:/program files/microchip/xc16/v2.10/bin/bin/../../lib\libc99-pic30-elf.a(floatundisf.DA_o)
                  0x000a20                  ___floatundisf
 .libm.fpack      0x000a7e         0x4c c:/program files/microchip/xc16/v2.10/bin/bin/../../lib\libc99-pic30-elf.a(fpack.DA_o)
                  0x000a7e                  __fpack
 .libm.funpack2
                  0x000aca         0x10 c:/program files/microchip/xc16/v2.10/bin/bin/../../lib\libc99-pic30-elf.a(funpack2.DA_o)
                  0x000aca                  __funpack2
 .libm.funpack    0x000ada         0x2a c:/program files/microchip/xc16/v2.10/bin/bin/../../lib\libc99-pic30-elf.a(funpack.DA_o)
                  0x000ada                  __funpack
 .libc.__wrap_printf
                  0x000b04         0x10 c:/program files/microchip/xc16/v2.10/bin/bin/../../lib\libc99-elf.a(__sio_printf_doux.DA_o)
                  0x000b04                  __printf_cdnopuxX
                  0x000b04                  __dprintf_cdnopuxX
 .libc.__sio_printf_doux
                  0x000b14          0xe c:/program files/microchip/xc16/v2.10/bin/bin/../../lib\libc99-elf.a(__sio_printf_doux.DA_o)
                  0x000b14                  ___sio_printf_doux
 .libc.memcmp     0x000b22         0x1c c:/program files/microchip/xc16/v2.10/bin/bin/../../lib\libc99-elf.a(memcmp.DA_o)
                  0x000b22                  _memcmp
 .libc.memcpy     0x000b3e          0xe c:/program files/microchip/xc16/v2.10/bin/bin/../../lib\libc99-elf.a(memcpy.DA_o)
                  0x000b3e                  _memcpy
 .libc.memset     0x000b4c         0xc8 c:/program files/microchip/xc16/v2.10/bin/bin/../../lib\libc99-elf.a(memset.DA_o)
                  0x000b4c                  _memset
 .libc.putchar    0x000c14          0x6 c:/program files/microchip/xc16/v2.10/bin/bin/../../lib\libc99-elf.a(putchar.DA_o)
                  0x000c14                  _putchar
 .libc.__dummy0
                  0x000c1a          0x2 c:/program files/microchip/xc16/v2.10/bin/bin/../../lib\libc99-elf.a(stdout.DA_o)
                  0x000c1a                  ___stdio_seek
 .libc.__dummy    0x000c1c          0x4 c:/program files/microchip/xc16/v2.10/bin/bin/../../lib\libc99-elf.a(stdout.DA_o)
                  0x000c1c                  ___get_stdout
 .libc.__init_stdout
                  0x000c20          0x8 c:/program files/microchip/xc16/v2.10/bin/bin/../../lib\libc99-elf.a(stdout.DA_o)
                  0x000c20                  ___init_stdout
 .libc.strncpy    0x000c28          0xe c:/program files/microchip/xc16/v2.10/bin/bin/../../lib\libc99-elf.a(strncpy.DA_o)
                  0x000c28                  _strncpy
 .libc.strtox     0x000c36         0x52 c:/program files/microchip/xc16/v2.10/bin/bin/../../lib\libc99-elf.a(strtol.DA_o)
 .libc.strtoull
                  0x000c88          0x8 c:/program files/microchip/xc16/v2.10/bin/bin/../../lib\libc99-elf.a(strtol.DA_o)
                  0x000c88                  ___strtoull_internal
                  0x000c88                  _strtoull
 .libc.strtoll    0x000c90          0x8 c:/program files/microchip/xc16/v2.10/bin/bin/../../lib\libc99-elf.a(strtol.DA_o)
                  0x000c90                  _strtoll
                  0x000c90                  ___strtoll_internal
 .libc.strtoul    0x000c98          0x8 c:/program files/microchip/xc16/v2.10/bin/bin/../../lib\libc99-elf.a(strtol.DA_o)
                  0x000c98                  _strtoul
                  0x000c98                  ___strtoul_internal
 .libc.strtol     0x000ca0          0x8 c:/program files/microchip/xc16/v2.10/bin/bin/../../lib\libc99-elf.a(strtol.DA_o)
                  0x000ca0                  _strtol
                  0x000ca0                  ___strtol_internal
 .libc.strtoimax
                  0x000ca8          0x2 c:/program files/microchip/xc16/v2.10/bin/bin/../../lib\libc99-elf.a(strtol.DA_o)
                  0x000ca8                  ___strtoimax_internal
                  0x000ca8                  _strtoimax
 .libc.strtoumax
                  0x000caa          0x2 c:/program files/microchip/xc16/v2.10/bin/bin/../../lib\libc99-elf.a(strtol.DA_o)
                  0x000caa                  _strtoumax
                  0x000caa                  ___strtoumax_internal
 .libc.__fmt_d    0x000cac         0xb2 c:/program files/microchip/xc16/v2.10/bin/bin/../../lib\libc99-elf.a(__fmt_d.DA_o)
                  0x000cac                  ___fmt_d
                  0x000cac                  ___fmt_d_needed
 .libc.__fmt_o    0x000d5e         0x6a c:/program files/microchip/xc16/v2.10/bin/bin/../../lib\libc99-elf.a(__fmt_o.DA_o)
                  0x000d5e                  ___fmt_o
                  0x000d5e                  ___fmt_o_needed
 .libc.__fmt_s    0x000dc8         0x54 c:/program files/microchip/xc16/v2.10/bin/bin/../../lib\libc99-elf.a(__fmt_s.DA_o)
                  0x000dc8                  ___fmt_0_needed
                  0x000dc8                  ___fmt_s_needed
                  0x000dc8                  ___fmt_s
 .libc.__cvt_u    0x000e1c         0xa6 c:/program files/microchip/xc16/v2.10/bin/bin/../../lib\libc99-elf.a(__fmt_u.DA_o)
                  0x000e1c                  ___cvt_u
 .libc.__fmt_u    0x000ec2         0x52 c:/program files/microchip/xc16/v2.10/bin/bin/../../lib\libc99-elf.a(__fmt_u.DA_o)
                  0x000ec2                  ___fmt_u
                  0x000ec2                  ___fmt_u_needed
 .libc.__fmt_x    0x000f14        0x14a c:/program files/microchip/xc16/v2.10/bin/bin/../../lib\libc99-elf.a(__fmt_x.DA_o)
                  0x000f14                  ___fmt_x_needed
                  0x000f14                  ___fmt_x
 .libc.__vfprintf
                  0x00105e         0x1c c:/program files/microchip/xc16/v2.10/bin/bin/../../lib\libc99-elf.a(__int_vfprintf.DA_o)
                  0x00105e                  ___vfprintf
 .libc.__string_out
                  0x00107a         0x26 c:/program files/microchip/xc16/v2.10/bin/bin/../../lib\libc99-elf.a(__out.DA_o)
 .libc.__fwrite_min
                  0x0010a0          0x4 c:/program files/microchip/xc16/v2.10/bin/bin/../../lib\libc99-elf.a(__out.DA_o)
                  0x0010a0                  ___fwrite
                  0x0010a0                  ___stdio_write
                  0x0010a0                  ___stdio_write_unbuffered
 .libc.__out      0x0010a4         0x10 c:/program files/microchip/xc16/v2.10/bin/bin/../../lib\libc99-elf.a(__out.DA_o)
                  0x0010a4                  ___out_needed
                  0x0010a4                  ___out
 .libc.__pop_int
                  0x0010b4         0xa8 c:/program files/microchip/xc16/v2.10/bin/bin/../../lib\libc99-elf.a(__pop_int.DA_o)
                  0x0010b4                  ___pop_int
                  0x0010b4                  ___pop_int_needed
 .libc.__pop_ptr
                  0x00115c         0x70 c:/program files/microchip/xc16/v2.10/bin/bin/../../lib\libc99-elf.a(__pop_ptr.DA_o)
                  0x00115c                  ___pop_ptr_needed
                  0x00115c                  ___pop_ptr
 .libc.__string_out
                  0x0011cc         0x26 c:/program files/microchip/xc16/v2.10/bin/bin/../../lib\libc99-elf.a(__printf_core.DA_o)
 .libc.__pad      0x0011f2         0x74 c:/program files/microchip/xc16/v2.10/bin/bin/../../lib\libc99-elf.a(__printf_core.DA_o)
                  0x0011f2                  ___pad
 .libc.__dummy_fmt3
                  0x001266          0x2 c:/program files/microchip/xc16/v2.10/bin/bin/../../lib\libc99-elf.a(__printf_core.DA_o)
 .libc.__dummy_fmt4
                  0x001268          0x2 c:/program files/microchip/xc16/v2.10/bin/bin/../../lib\libc99-elf.a(__printf_core.DA_o)
                  0x001268                  ___fmt_fp
                  0x001268                  ___fmt_a
 .libc.__dummy_fmts
                  0x00126a          0x2 c:/program files/microchip/xc16/v2.10/bin/bin/../../lib\libc99-elf.a(__printf_core.DA_o)
 .libc.__fmt_state
                  0x00126c         0x2c c:/program files/microchip/xc16/v2.10/bin/bin/../../lib\libc99-elf.a(__printf_core.DA_o)
                  0x00126c                  ___fmt_state
 .libc.vfpfcnvrt.clone.0
                  0x001298        0x2d8 c:/program files/microchip/xc16/v2.10/bin/bin/../../lib\libc99-elf.a(__printf_core.DA_o)
 .libc.__printf_core
                  0x001570         0x40 c:/program files/microchip/xc16/v2.10/bin/bin/../../lib\libc99-elf.a(__printf_core.DA_o)
                  0x001570                  ___printf_core
 .libc.__stdio_close
                  0x0015b0         0x3e c:/program files/microchip/xc16/v2.10/bin/bin/../../lib\libc99-elf.a(__stdio_close.DA_o)
                  0x0015b0                  ___stdio_close
 .libc.__stdio_close_rw
                  0x0015ee         0x58 c:/program files/microchip/xc16/v2.10/bin/bin/../../lib\libc99-elf.a(__stdio_close.DA_o)
                  0x0015ee                  ___stdio_close_rw
 .libc.__isspace
                  0x001646         0x14 c:/program files/microchip/xc16/v2.10/bin/bin/../../lib\libc99-elf.a(atoi.DA_o)
 .libc.atoi       0x00165a         0x4c c:/program files/microchip/xc16/v2.10/bin/bin/../../lib\libc99-elf.a(atoi.DA_o)
                  0x00165a                  _atoi
 .libc.__isspace
                  0x0016a6         0x14 c:/program files/microchip/xc16/v2.10/bin/bin/../../lib\libc99-elf.a(intscan.DA_o)
 .libc.__intscan
                  0x0016ba        0x432 c:/program files/microchip/xc16/v2.10/bin/bin/../../lib\libc99-elf.a(intscan.DA_o)
                  0x0016ba                  ___intscan
 .libc.__lseek    0x001aec          0xc c:/program files/microchip/xc16/v2.10/bin/bin/../../lib\libc99-elf.a(lseek.DA_o)
                  0x001aec                  _lseek
                  0x001aec                  ___lseek
 .libc.__putc_unbuffered
                  0x001af8         0x2e c:/program files/microchip/xc16/v2.10/bin/bin/../../lib\libc99-elf.a(putc.DA_o)
                  0x001af8                  ___putc
                  0x001af8                  ___putc_unbuffered
 .libc.putc       0x001b26          0x2 c:/program files/microchip/xc16/v2.10/bin/bin/../../lib\libc99-elf.a(putc.DA_o)
                  0x001b26                  _putc
                  0x001b26                  _fputc
                  0x001b26                  _putc_unlocked
                  0x001b26                  __IO_putc
 .libc.__shlim    0x001b28         0x4a c:/program files/microchip/xc16/v2.10/bin/bin/../../lib\libc99-elf.a(shgetc.DA_o)
                  0x001b28                  ___shlim
 .libc.__shgetc
                  0x001b72        0x130 c:/program files/microchip/xc16/v2.10/bin/bin/../../lib\libc99-elf.a(shgetc.DA_o)
                  0x001b72                  ___shgetc
 .libc.__stpncpy
                  0x001ca2         0x6a c:/program files/microchip/xc16/v2.10/bin/bin/../../lib\libc99-elf.a(stpncpy.DA_o)
                  0x001ca2                  _stpncpy
                  0x001ca2                  ___stpncpy
 .libc.strlen     0x001d0c         0x30 c:/program files/microchip/xc16/v2.10/bin/bin/../../lib\libc99-elf.a(strlen.DA_o)
                  0x001d0c                  _strlen
 .libc.__syscall_ret
                  0x001d3c         0x14 c:/program files/microchip/xc16/v2.10/bin/bin/../../lib\libc99-elf.a(syscall_ret.DA_o)
                  0x001d3c                  ___syscall_ret
 .libc.tolower    0x001d50          0xc c:/program files/microchip/xc16/v2.10/bin/bin/../../lib\libc99-elf.a(tolower.DA_o)
                  0x001d50                  _tolower
 .libc.__tolower_l
                  0x001d5c          0x2 c:/program files/microchip/xc16/v2.10/bin/bin/../../lib\libc99-elf.a(tolower.DA_o)
                  0x001d5c                  ___tolower_l
                  0x001d5c                  _tolower_l
 .libc.toupper    0x001d5e          0xc c:/program files/microchip/xc16/v2.10/bin/bin/../../lib\libc99-elf.a(toupper.DA_o)
                  0x001d5e                  _toupper
 .libc.__toupper_l
                  0x001d6a          0x2 c:/program files/microchip/xc16/v2.10/bin/bin/../../lib\libc99-elf.a(toupper.DA_o)
                  0x001d6a                  ___toupper_l
                  0x001d6a                  _toupper_l
 .libc.__dummy    0x001d6c          0x2 c:/program files/microchip/xc16/v2.10/bin/bin/../../lib\libc99-elf.a(__init_stdio.DA_o)
                  0x001d6c                  ___init_stderr
                  0x001d6c                  ___init_stdin
 .libc.__init_stdio
                  0x001d6e          0x6 c:/program files/microchip/xc16/v2.10/bin/bin/../../lib\libc99-elf.a(__init_stdio.DA_o)
                  0x001d6e                  ___init_stdio
                  0x001d6e                  ___init_stdio_needed
 .libc.__pop_float
                  0x001d74         0x3e c:/program files/microchip/xc16/v2.10/bin/bin/../../lib\libc99-elf.a(__pop_float.DA_o)
                  0x001d74                  ___pop_float
                  0x001d74                  ___pop_float_needed
 .libc.__uflow    0x001db2         0x2a c:/program files/microchip/xc16/v2.10/bin/bin/../../lib\libc99-elf.a(__uflow.DA_o)
                  0x001db2                  ___uflow
 .libc.__toread
                  0x001ddc         0x48 c:/program files/microchip/xc16/v2.10/bin/bin/../../lib\libc99-elf.a(__toread.DA_o)
                  0x001ddc                  ___toread
 .libc.__toread_needs_stdio_exit
                  0x001e24          0x2 c:/program files/microchip/xc16/v2.10/bin/bin/../../lib\libc99-elf.a(__toread.DA_o)
                  0x001e24                  ___toread_needs_stdio_exit
 .libc.__dummy    0x001e26          0x2 c:/program files/microchip/xc16/v2.10/bin/bin/../../lib\libc99-elf.a(__stdio_exit.DA_o)
                  0x001e26                  ___stdio_exit_ofl
 .libc.__dummy1
                  0x001e28          0x2 c:/program files/microchip/xc16/v2.10/bin/bin/../../lib\libc99-elf.a(__stdio_exit.DA_o)
                  0x001e28                  ___fclose
 .libc.__stdio_exit
                  0x001e2a         0x14 c:/program files/microchip/xc16/v2.10/bin/bin/../../lib\libc99-elf.a(__stdio_exit.DA_o)
                  0x001e2a                  ___stdio_exit_needed
                  0x001e2a                  ___stdio_exit
 .libc.doclose    0x001e3e          0x4 c:/program files/microchip/xc16/v2.10/bin/bin/../../lib\libc99-pic30-elf.a(closeda.Meo)
 .libm.extendsfdf2
                  0x001e42         0x3e c:/program files/microchip/xc16/v2.10/bin/bin/../../lib\libc99-pic30-elf.a(extendsfdf.DA_o)
                  0x001e42                  ___extendsfdf2
 .libm.mulsi3     0x001e80          0xc c:/program files/microchip/xc16/v2.10/bin/bin/../../lib\libc99-pic30-elf.a(mulsi3.DA_o)
                  0x001e80                  ___mulp32peds3
                  0x001e80                  ___mulsi3
                  0x001e80                  ___mulp32eds3
 .libm.__PplusBdi
                  0x001e8c         0x26 c:/program files/microchip/xc16/v2.10/bin/bin/../../lib\libc99-pic30-elf.a(divmoddi3.DA_o)
 .libm.__PminusBdi
                  0x001eb2         0x26 c:/program files/microchip/xc16/v2.10/bin/bin/../../lib\libc99-pic30-elf.a(divmoddi3.DA_o)
 .libm.__udivmoddi3
                  0x001ed8         0xe6 c:/program files/microchip/xc16/v2.10/bin/bin/../../lib\libc99-pic30-elf.a(divmoddi3.DA_o)
                  0x001ed8                  ___udivmoddi3
 .libm.__udivdi3
                  0x001fbe          0xe c:/program files/microchip/xc16/v2.10/bin/bin/../../lib\libc99-pic30-elf.a(divmoddi3.DA_o)
                  0x001fbe                  ___udivdi3
 .libm.__umoddi3
                  0x001fcc          0x8 c:/program files/microchip/xc16/v2.10/bin/bin/../../lib\libc99-pic30-elf.a(divmoddi3.DA_o)
                  0x001fcc                  ___umoddi3
 .libm.__divdi3
                  0x001fd4         0x60 c:/program files/microchip/xc16/v2.10/bin/bin/../../lib\libc99-pic30-elf.a(divmoddi3.DA_o)
                  0x001fd4                  ___divdi3
 .libm.__moddi3
                  0x002034         0x5c c:/program files/microchip/xc16/v2.10/bin/bin/../../lib\libc99-pic30-elf.a(divmoddi3.DA_o)
                  0x002034                  ___moddi3
 .libm.__muldi3
                  0x002090         0x52 c:/program files/microchip/xc16/v2.10/bin/bin/../../lib\libc99-pic30-elf.a(muldi3.DA_o)
                  0x002090                  ___muldi3
 .libm.umuldi3    0x0020e2         0x44 c:/program files/microchip/xc16/v2.10/bin/bin/../../lib\libc99-pic30-elf.a(umuldi3.DA_o)
                  0x0020e2                  ___umuldi3

usercode
 *(usercode)

__CONFIG4
 *(__CONFIG4.sec*)

__CONFIG3
 *(__CONFIG3.sec*)

__CONFIG2
 *(__CONFIG2.sec*)

__CONFIG1
 *(__CONFIG1.sec*)

.comment
 *(.comment)

.debug_info       0x000000      0x1256e
 *(.debug_info)
 .debug_info      0x000000        0x6be build/default/debug/src/app/taskSerial.o
 .debug_info      0x0006be        0x34c build/default/debug/src/app/taskDAC.o
 .debug_info      0x000a0a        0x1a3 build/default/debug/src/MCP4901.o
 .debug_info      0x000bad        0x718 build/default/debug/src/taskButton.o
 .debug_info      0x0012c5       0x1230 build/default/debug/src/taskADC.o
 .debug_info      0x0024f5        0x917 build/default/debug/FreeRTOS/Source/croutine.o
 .debug_info      0x002e0c        0x8fe build/default/debug/FreeRTOS/Source/event_groups.o
 .debug_info      0x00370a        0x45b build/default/debug/FreeRTOS/Source/list.o
 .debug_info      0x003b65       0x18ea build/default/debug/FreeRTOS/Source/queue.o
 .debug_info      0x00544f        0xfeb build/default/debug/FreeRTOS/Source/stream_buffer.o
 .debug_info      0x00643a       0x2305 build/default/debug/FreeRTOS/Source/tasks.o
 .debug_info      0x00873f       0x10c3 build/default/debug/FreeRTOS/Source/timers.o
 .debug_info      0x009802        0x728 build/default/debug/FreeRTOS/Source/portable/GCC/MemMang/heap_4.o
 .debug_info      0x009f2a        0xc83 build/default/debug/FreeRTOS/Source/portable/MPLAB/PIC24_dsPIC/port.o
 .debug_info      0x00abad         0xb6 build/default/debug/FreeRTOS/Source/portable/MPLAB/PIC24_dsPIC/portasm_PIC24.o
 .debug_info      0x00ac63        0xbac build/default/debug/mcc_generated_files/system.o
 .debug_info      0x00b80f        0x39b build/default/debug/mcc_generated_files/traps.o
 .debug_info      0x00bbaa        0x166 build/default/debug/mcc_generated_files/interrupt_manager.o
 .debug_info      0x00bd10        0x9ca build/default/debug/mcc_generated_files/pin_manager.o
 .debug_info      0x00c6da        0x48b build/default/debug/mcc_generated_files/clock.o
 .debug_info      0x00cb65        0x1d4 build/default/debug/mcc_generated_files/delay.o
 .debug_info      0x00cd39        0x812 build/default/debug/mcc_generated_files/uart1.o
 .debug_info      0x00d54b        0xe95 build/default/debug/mcc_generated_files/adc1.o
 .debug_info      0x00e3e0        0xa3f build/default/debug/mcc_generated_files/oc2.o
 .debug_info      0x00ee1f        0xa3f build/default/debug/mcc_generated_files/oc1.o
 .debug_info      0x00f85e        0xa16 build/default/debug/mcc_generated_files/oc3.o
 .debug_info      0x010274        0x825 build/default/debug/mcc_generated_files/tmr2.o
 .debug_info      0x010a99        0x851 build/default/debug/src/main.o
 .debug_info      0x0112ea        0x35a build/default/debug/src/rtos_hooks.o
 .debug_info      0x011644        0x31c build/default/debug/src/rgb_led.o
 .debug_info      0x011960         0x8b c:/program files/microchip/xc16/v2.10/bin/bin/../../lib\libc99-pic30-elf.a(fgtge.DA_o)
 .debug_info      0x0119eb         0x8f c:/program files/microchip/xc16/v2.10/bin/bin/../../lib\libc99-pic30-elf.a(floatsisf.DA_o)
 .debug_info      0x011a7a         0x91 c:/program files/microchip/xc16/v2.10/bin/bin/../../lib\libc99-pic30-elf.a(floatunsisf.DA_o)
 .debug_info      0x011b0b         0x89 c:/program files/microchip/xc16/v2.10/bin/bin/../../lib\libc99-pic30-elf.a(fne.DA_o)
 .debug_info      0x011b94         0x8d c:/program files/microchip/xc16/v2.10/bin/bin/../../lib\libc99-pic30-elf.a(udivsi3.DA_o)
 .debug_info      0x011c21         0x9d c:/program files/microchip/xc16/v2.10/bin/bin/../../lib\libc99-pic30-elf.a(addsf3x.DA_o)
 .debug_info      0x011cbe         0x9d c:/program files/microchip/xc16/v2.10/bin/bin/../../lib\libc99-pic30-elf.a(divsf3x.DA_o)
 .debug_info      0x011d5b         0xa0 c:/program files/microchip/xc16/v2.10/bin/bin/../../lib\libc99-pic30-elf.a(dnrmpackfx.DA_o)
 .debug_info      0x011dfb         0x9c c:/program files/microchip/xc16/v2.10/bin/bin/../../lib\libc99-pic30-elf.a(typefx.DA_o)
 .debug_info      0x011e97         0x9f c:/program files/microchip/xc16/v2.10/bin/bin/../../lib\libc99-pic30-elf.a(propnanfx.DA_o)
 .debug_info      0x011f36         0x9d c:/program files/microchip/xc16/v2.10/bin/bin/../../lib\libc99-pic30-elf.a(spackfx.DA_o)
 .debug_info      0x011fd3         0x9e c:/program files/microchip/xc16/v2.10/bin/bin/../../lib\libc99-pic30-elf.a(unpackfx.DA_o)
 .debug_info      0x012071         0x8e c:/program files/microchip/xc16/v2.10/bin/bin/../../lib\libc99-pic30-elf.a(fcompare.DA_o)
 .debug_info      0x0120ff         0x8f c:/program files/microchip/xc16/v2.10/bin/bin/../../lib\libc99-pic30-elf.a(floatdisf.DA_o)
 .debug_info      0x01218e         0x91 c:/program files/microchip/xc16/v2.10/bin/bin/../../lib\libc99-pic30-elf.a(floatundisf.DA_o)
 .debug_info      0x01221f         0x8b c:/program files/microchip/xc16/v2.10/bin/bin/../../lib\libc99-pic30-elf.a(fpack.DA_o)
 .debug_info      0x0122aa         0x8e c:/program files/microchip/xc16/v2.10/bin/bin/../../lib\libc99-pic30-elf.a(funpack2.DA_o)
 .debug_info      0x012338         0x8d c:/program files/microchip/xc16/v2.10/bin/bin/../../lib\libc99-pic30-elf.a(funpack.DA_o)
 .debug_info      0x0123c5         0x90 c:/program files/microchip/xc16/v2.10/bin/bin/../../lib\libc99-pic30-elf.a(extendsfdf.DA_o)
 .debug_info      0x012455         0x8c c:/program files/microchip/xc16/v2.10/bin/bin/../../lib\libc99-pic30-elf.a(mulsi3.DA_o)
 .debug_info      0x0124e1         0x8d c:/program files/microchip/xc16/v2.10/bin/bin/../../lib\libc99-pic30-elf.a(umuldi3.DA_o)
 *(.gnu.linkonce.wi.*)

.debug_abbrev     0x000000       0x2483
 *(.debug_abbrev)
 .debug_abbrev    0x000000        0x160 build/default/debug/src/app/taskSerial.o
 .debug_abbrev    0x000160         0xec build/default/debug/src/app/taskDAC.o
 .debug_abbrev    0x00024c         0x8e build/default/debug/src/MCP4901.o
 .debug_abbrev    0x0002da        0x17b build/default/debug/src/taskButton.o
 .debug_abbrev    0x000455        0x226 build/default/debug/src/taskADC.o
 .debug_abbrev    0x00067b        0x1dd build/default/debug/FreeRTOS/Source/croutine.o
 .debug_abbrev    0x000858        0x147 build/default/debug/FreeRTOS/Source/event_groups.o
 .debug_abbrev    0x00099f         0xe1 build/default/debug/FreeRTOS/Source/list.o
 .debug_abbrev    0x000a80        0x19b build/default/debug/FreeRTOS/Source/queue.o
 .debug_abbrev    0x000c1b        0x14c build/default/debug/FreeRTOS/Source/stream_buffer.o
 .debug_abbrev    0x000d67        0x209 build/default/debug/FreeRTOS/Source/tasks.o
 .debug_abbrev    0x000f70        0x1ac build/default/debug/FreeRTOS/Source/timers.o
 .debug_abbrev    0x00111c        0x157 build/default/debug/FreeRTOS/Source/portable/GCC/MemMang/heap_4.o
 .debug_abbrev    0x001273        0x1e3 build/default/debug/FreeRTOS/Source/portable/MPLAB/PIC24_dsPIC/port.o
 .debug_abbrev    0x001456         0x14 build/default/debug/FreeRTOS/Source/portable/MPLAB/PIC24_dsPIC/portasm_PIC24.o
 .debug_abbrev    0x00146a         0xb4 build/default/debug/mcc_generated_files/system.o
 .debug_abbrev    0x00151e        0x10d build/default/debug/mcc_generated_files/traps.o
 .debug_abbrev    0x00162b          0x1 build/default/debug/mcc_generated_files/mcc.o
 .debug_abbrev    0x00162c         0x34 build/default/debug/mcc_generated_files/interrupt_manager.o
 .debug_abbrev    0x001660         0xd6 build/default/debug/mcc_generated_files/pin_manager.o
 .debug_abbrev    0x001736         0xc5 build/default/debug/mcc_generated_files/clock.o
 .debug_abbrev    0x0017fb         0x67 build/default/debug/mcc_generated_files/delay.o
 .debug_abbrev    0x001862        0x131 build/default/debug/mcc_generated_files/uart1.o
 .debug_abbrev    0x001993        0x12a build/default/debug/mcc_generated_files/adc1.o
 .debug_abbrev    0x001abd        0x14f build/default/debug/mcc_generated_files/oc2.o
 .debug_abbrev    0x001c0c        0x14f build/default/debug/mcc_generated_files/oc1.o
 .debug_abbrev    0x001d5b        0x14f build/default/debug/mcc_generated_files/oc3.o
 .debug_abbrev    0x001eaa        0x148 build/default/debug/mcc_generated_files/tmr2.o
 .debug_abbrev    0x001ff2        0x179 build/default/debug/src/main.o
 .debug_abbrev    0x00216b         0xdf build/default/debug/src/rtos_hooks.o
 .debug_abbrev    0x00224a         0x95 build/default/debug/src/rgb_led.o
 .debug_abbrev    0x0022df         0x14 c:/program files/microchip/xc16/v2.10/bin/bin/../../lib\libc99-pic30-elf.a(fgtge.DA_o)
 .debug_abbrev    0x0022f3         0x14 c:/program files/microchip/xc16/v2.10/bin/bin/../../lib\libc99-pic30-elf.a(floatsisf.DA_o)
 .debug_abbrev    0x002307         0x14 c:/program files/microchip/xc16/v2.10/bin/bin/../../lib\libc99-pic30-elf.a(floatunsisf.DA_o)
 .debug_abbrev    0x00231b         0x14 c:/program files/microchip/xc16/v2.10/bin/bin/../../lib\libc99-pic30-elf.a(fne.DA_o)
 .debug_abbrev    0x00232f         0x14 c:/program files/microchip/xc16/v2.10/bin/bin/../../lib\libc99-pic30-elf.a(udivsi3.DA_o)
 .debug_abbrev    0x002343         0x14 c:/program files/microchip/xc16/v2.10/bin/bin/../../lib\libc99-pic30-elf.a(addsf3x.DA_o)
 .debug_abbrev    0x002357         0x14 c:/program files/microchip/xc16/v2.10/bin/bin/../../lib\libc99-pic30-elf.a(divsf3x.DA_o)
 .debug_abbrev    0x00236b         0x14 c:/program files/microchip/xc16/v2.10/bin/bin/../../lib\libc99-pic30-elf.a(dnrmpackfx.DA_o)
 .debug_abbrev    0x00237f         0x14 c:/program files/microchip/xc16/v2.10/bin/bin/../../lib\libc99-pic30-elf.a(typefx.DA_o)
 .debug_abbrev    0x002393         0x14 c:/program files/microchip/xc16/v2.10/bin/bin/../../lib\libc99-pic30-elf.a(propnanfx.DA_o)
 .debug_abbrev    0x0023a7         0x14 c:/program files/microchip/xc16/v2.10/bin/bin/../../lib\libc99-pic30-elf.a(spackfx.DA_o)
 .debug_abbrev    0x0023bb         0x14 c:/program files/microchip/xc16/v2.10/bin/bin/../../lib\libc99-pic30-elf.a(unpackfx.DA_o)
 .debug_abbrev    0x0023cf         0x14 c:/program files/microchip/xc16/v2.10/bin/bin/../../lib\libc99-pic30-elf.a(fcompare.DA_o)
 .debug_abbrev    0x0023e3         0x14 c:/program files/microchip/xc16/v2.10/bin/bin/../../lib\libc99-pic30-elf.a(floatdisf.DA_o)
 .debug_abbrev    0x0023f7         0x14 c:/program files/microchip/xc16/v2.10/bin/bin/../../lib\libc99-pic30-elf.a(floatundisf.DA_o)
 .debug_abbrev    0x00240b         0x14 c:/program files/microchip/xc16/v2.10/bin/bin/../../lib\libc99-pic30-elf.a(fpack.DA_o)
 .debug_abbrev    0x00241f         0x14 c:/program files/microchip/xc16/v2.10/bin/bin/../../lib\libc99-pic30-elf.a(funpack2.DA_o)
 .debug_abbrev    0x002433         0x14 c:/program files/microchip/xc16/v2.10/bin/bin/../../lib\libc99-pic30-elf.a(funpack.DA_o)
 .debug_abbrev    0x002447         0x14 c:/program files/microchip/xc16/v2.10/bin/bin/../../lib\libc99-pic30-elf.a(extendsfdf.DA_o)
 .debug_abbrev    0x00245b         0x14 c:/program files/microchip/xc16/v2.10/bin/bin/../../lib\libc99-pic30-elf.a(mulsi3.DA_o)
 .debug_abbrev    0x00246f         0x14 c:/program files/microchip/xc16/v2.10/bin/bin/../../lib\libc99-pic30-elf.a(umuldi3.DA_o)

.debug_line       0x000000       0x3830
 *(.debug_line)
 .debug_line      0x000000        0x1e8 build/default/debug/src/app/taskSerial.o
 .debug_line      0x0001e8        0x125 build/default/debug/src/app/taskDAC.o
 .debug_line      0x00030d         0x8d build/default/debug/src/MCP4901.o
 .debug_line      0x00039a        0x19c build/default/debug/src/taskButton.o
 .debug_line      0x000536        0x23b build/default/debug/src/taskADC.o
 .debug_line      0x000771        0x1ed build/default/debug/FreeRTOS/Source/croutine.o
 .debug_line      0x00095e        0x1db build/default/debug/FreeRTOS/Source/event_groups.o
 .debug_line      0x000b39        0x120 build/default/debug/FreeRTOS/Source/list.o
 .debug_line      0x000c59        0x480 build/default/debug/FreeRTOS/Source/queue.o
 .debug_line      0x0010d9        0x253 build/default/debug/FreeRTOS/Source/stream_buffer.o
 .debug_line      0x00132c        0x53e build/default/debug/FreeRTOS/Source/tasks.o
 .debug_line      0x00186a        0x245 build/default/debug/FreeRTOS/Source/timers.o
 .debug_line      0x001aaf        0x1a3 build/default/debug/FreeRTOS/Source/portable/GCC/MemMang/heap_4.o
 .debug_line      0x001c52        0x1a2 build/default/debug/FreeRTOS/Source/portable/MPLAB/PIC24_dsPIC/port.o
 .debug_line      0x001df4         0x8f build/default/debug/FreeRTOS/Source/portable/MPLAB/PIC24_dsPIC/portasm_PIC24.o
 .debug_line      0x001e83         0x1a build/default/debug/FreeRTOS/Source/portable/MPLAB/PIC24_dsPIC/portasm_dsPIC.o
 .debug_line      0x001e9d        0x114 build/default/debug/mcc_generated_files/system.o
 .debug_line      0x001fb1        0x13c build/default/debug/mcc_generated_files/traps.o
 .debug_line      0x0020ed         0x1a build/default/debug/mcc_generated_files/mcc.o
 .debug_line      0x002107         0x55 build/default/debug/mcc_generated_files/interrupt_manager.o
 .debug_line      0x00215c        0x126 build/default/debug/mcc_generated_files/pin_manager.o
 .debug_line      0x002282        0x119 build/default/debug/mcc_generated_files/clock.o
 .debug_line      0x00239b         0xa6 build/default/debug/mcc_generated_files/delay.o
 .debug_line      0x002441        0x14d build/default/debug/mcc_generated_files/uart1.o
 .debug_line      0x00258e        0x131 build/default/debug/mcc_generated_files/adc1.o
 .debug_line      0x0026bf        0x158 build/default/debug/mcc_generated_files/oc2.o
 .debug_line      0x002817        0x158 build/default/debug/mcc_generated_files/oc1.o
 .debug_line      0x00296f        0x158 build/default/debug/mcc_generated_files/oc3.o
 .debug_line      0x002ac7        0x13c build/default/debug/mcc_generated_files/tmr2.o
 .debug_line      0x002c03        0x18b build/default/debug/src/main.o
 .debug_line      0x002d8e        0x12f build/default/debug/src/rtos_hooks.o
 .debug_line      0x002ebd         0xd9 build/default/debug/src/rgb_led.o
 .debug_line      0x002f96         0x35 c:/program files/microchip/xc16/v2.10/bin/bin/../../lib\libc99-pic30-elf.a(fgtge.DA_o)
 .debug_line      0x002fcb         0x3a c:/program files/microchip/xc16/v2.10/bin/bin/../../lib\libc99-pic30-elf.a(floatsisf.DA_o)
 .debug_line      0x003005         0x3b c:/program files/microchip/xc16/v2.10/bin/bin/../../lib\libc99-pic30-elf.a(floatunsisf.DA_o)
 .debug_line      0x003040         0x33 c:/program files/microchip/xc16/v2.10/bin/bin/../../lib\libc99-pic30-elf.a(fne.DA_o)
 .debug_line      0x003073         0x45 c:/program files/microchip/xc16/v2.10/bin/bin/../../lib\libc99-pic30-elf.a(udivsi3.DA_o)
 .debug_line      0x0030b8        0x136 c:/program files/microchip/xc16/v2.10/bin/bin/../../lib\libc99-pic30-elf.a(addsf3x.DA_o)
 .debug_line      0x0031ee        0x124 c:/program files/microchip/xc16/v2.10/bin/bin/../../lib\libc99-pic30-elf.a(divsf3x.DA_o)
 .debug_line      0x003312         0x72 c:/program files/microchip/xc16/v2.10/bin/bin/../../lib\libc99-pic30-elf.a(dnrmpackfx.DA_o)
 .debug_line      0x003384         0x5e c:/program files/microchip/xc16/v2.10/bin/bin/../../lib\libc99-pic30-elf.a(typefx.DA_o)
 .debug_line      0x0033e2         0x51 c:/program files/microchip/xc16/v2.10/bin/bin/../../lib\libc99-pic30-elf.a(propnanfx.DA_o)
 .debug_line      0x003433         0x98 c:/program files/microchip/xc16/v2.10/bin/bin/../../lib\libc99-pic30-elf.a(spackfx.DA_o)
 .debug_line      0x0034cb         0x79 c:/program files/microchip/xc16/v2.10/bin/bin/../../lib\libc99-pic30-elf.a(unpackfx.DA_o)
 .debug_line      0x003544         0x1a c:/program files/microchip/xc16/v2.10/bin/bin/../../lib\libc99-pic30-elf.a(errno.DA_o)
 .debug_line      0x00355e         0x53 c:/program files/microchip/xc16/v2.10/bin/bin/../../lib\libc99-pic30-elf.a(fcompare.DA_o)
 .debug_line      0x0035b1         0x47 c:/program files/microchip/xc16/v2.10/bin/bin/../../lib\libc99-pic30-elf.a(floatdisf.DA_o)
 .debug_line      0x0035f8         0x6c c:/program files/microchip/xc16/v2.10/bin/bin/../../lib\libc99-pic30-elf.a(floatundisf.DA_o)
 .debug_line      0x003664         0x5a c:/program files/microchip/xc16/v2.10/bin/bin/../../lib\libc99-pic30-elf.a(fpack.DA_o)
 .debug_line      0x0036be         0x3e c:/program files/microchip/xc16/v2.10/bin/bin/../../lib\libc99-pic30-elf.a(funpack2.DA_o)
 .debug_line      0x0036fc         0x4a c:/program files/microchip/xc16/v2.10/bin/bin/../../lib\libc99-pic30-elf.a(funpack.DA_o)
 .debug_line      0x003746         0x59 c:/program files/microchip/xc16/v2.10/bin/bin/../../lib\libc99-pic30-elf.a(extendsfdf.DA_o)
 .debug_line      0x00379f         0x3a c:/program files/microchip/xc16/v2.10/bin/bin/../../lib\libc99-pic30-elf.a(mulsi3.DA_o)
 .debug_line      0x0037d9         0x57 c:/program files/microchip/xc16/v2.10/bin/bin/../../lib\libc99-pic30-elf.a(umuldi3.DA_o)

.debug_frame      0x000000       0x2086
 *(.debug_frame)
 .debug_frame     0x000000         0xa4 build/default/debug/src/app/taskSerial.o
 .debug_frame     0x0000a4         0x62 build/default/debug/src/app/taskDAC.o
 .debug_frame     0x000106         0x48 build/default/debug/src/MCP4901.o
 .debug_frame     0x00014e         0x62 build/default/debug/src/taskButton.o
 .debug_frame     0x0001b0        0x128 build/default/debug/src/taskADC.o
 .debug_frame     0x0002d8         0xca build/default/debug/FreeRTOS/Source/croutine.o
 .debug_frame     0x0003a2        0x14c build/default/debug/FreeRTOS/Source/event_groups.o
 .debug_frame     0x0004ee         0x96 build/default/debug/FreeRTOS/Source/list.o
 .debug_frame     0x000584        0x3d6 build/default/debug/FreeRTOS/Source/queue.o
 .debug_frame     0x00095a        0x236 build/default/debug/FreeRTOS/Source/stream_buffer.o
 .debug_frame     0x000b90        0x548 build/default/debug/FreeRTOS/Source/tasks.o
 .debug_frame     0x0010d8        0x2b8 build/default/debug/FreeRTOS/Source/timers.o
 .debug_frame     0x001390        0x106 build/default/debug/FreeRTOS/Source/portable/GCC/MemMang/heap_4.o
 .debug_frame     0x001496         0xf6 build/default/debug/FreeRTOS/Source/portable/MPLAB/PIC24_dsPIC/port.o
 .debug_frame     0x00158c         0x2e build/default/debug/mcc_generated_files/system.o
 .debug_frame     0x0015ba        0x140 build/default/debug/mcc_generated_files/traps.o
 .debug_frame     0x0016fa         0x2e build/default/debug/mcc_generated_files/interrupt_manager.o
 .debug_frame     0x001728         0x2e build/default/debug/mcc_generated_files/pin_manager.o
 .debug_frame     0x001756         0x2e build/default/debug/mcc_generated_files/clock.o
 .debug_frame     0x001784         0x48 build/default/debug/mcc_generated_files/delay.o
 .debug_frame     0x0017cc        0x118 build/default/debug/mcc_generated_files/uart1.o
 .debug_frame     0x0018e4         0xca build/default/debug/mcc_generated_files/adc1.o
 .debug_frame     0x0019ae        0x166 build/default/debug/mcc_generated_files/oc2.o
 .debug_frame     0x001b14        0x166 build/default/debug/mcc_generated_files/oc1.o
 .debug_frame     0x001c7a        0x166 build/default/debug/mcc_generated_files/oc3.o
 .debug_frame     0x001de0        0x132 build/default/debug/mcc_generated_files/tmr2.o
 .debug_frame     0x001f12         0x7c build/default/debug/src/main.o
 .debug_frame     0x001f8e         0x62 build/default/debug/src/rtos_hooks.o
 .debug_frame     0x001ff0         0x96 build/default/debug/src/rgb_led.o

.debug_str        0x000000        0xd52
 *(.debug_str)
 .debug_str       0x000000         0x4d build/default/debug/src/app/taskSerial.o
 .debug_str       0x00004d          0xf build/default/debug/src/MCP4901.o
 .debug_str       0x00005c         0x28 build/default/debug/src/taskButton.o
 .debug_str       0x000084         0xec build/default/debug/src/taskADC.o
 .debug_str       0x000170        0x131 build/default/debug/FreeRTOS/Source/croutine.o
 .debug_str       0x0002a1         0xe6 build/default/debug/FreeRTOS/Source/event_groups.o
 .debug_str       0x000387         0x2b build/default/debug/FreeRTOS/Source/list.o
 .debug_str       0x0003b2        0x18d build/default/debug/FreeRTOS/Source/queue.o
 .debug_str       0x00053f        0x167 build/default/debug/FreeRTOS/Source/stream_buffer.o
 .debug_str       0x0006a6        0x30d build/default/debug/FreeRTOS/Source/tasks.o
 .debug_str       0x0009b3        0x11a build/default/debug/FreeRTOS/Source/timers.o
 .debug_str       0x000acd         0x57 build/default/debug/FreeRTOS/Source/portable/GCC/MemMang/heap_4.o
 .debug_str       0x000b24         0x37 build/default/debug/FreeRTOS/Source/portable/MPLAB/PIC24_dsPIC/port.o
 .debug_str       0x000b5b         0x47 build/default/debug/mcc_generated_files/system.o
 .debug_str       0x000ba2          0xc build/default/debug/mcc_generated_files/traps.o
 .debug_str       0x000bae         0x2a build/default/debug/mcc_generated_files/pin_manager.o
 .debug_str       0x000bd8         0x27 build/default/debug/mcc_generated_files/clock.o
 .debug_str       0x000bff         0x15 build/default/debug/mcc_generated_files/uart1.o
 .debug_str       0x000c14         0x64 build/default/debug/mcc_generated_files/adc1.o
 .debug_str       0x000c78         0x2a build/default/debug/mcc_generated_files/oc2.o
 .debug_str       0x000ca2         0x2a build/default/debug/mcc_generated_files/oc1.o
 .debug_str       0x000ccc         0x2a build/default/debug/mcc_generated_files/oc3.o
 .debug_str       0x000cf6         0x13 build/default/debug/mcc_generated_files/tmr2.o
 .debug_str       0x000d09         0x41 build/default/debug/src/main.o
 .debug_str       0x000d4a          0x8 build/default/debug/src/rgb_led.o

.debug_loc
 *(.debug_loc)

.debug_macinfo
 *(.debug_macinfo)

.debug_pubnames
                  0x000000       0x1c8a
 *(.debug_pubnames)
 .debug_pubnames
                  0x000000         0x5e build/default/debug/src/app/taskSerial.o
 .debug_pubnames
                  0x00005e         0x4a build/default/debug/src/app/taskDAC.o
 .debug_pubnames
                  0x0000a8         0x40 build/default/debug/src/MCP4901.o
 .debug_pubnames
                  0x0000e8         0x72 build/default/debug/src/taskButton.o
 .debug_pubnames
                  0x00015a         0xf2 build/default/debug/src/taskADC.o
 .debug_pubnames
                  0x00024c        0x1f4 build/default/debug/FreeRTOS/Source/croutine.o
 .debug_pubnames
                  0x000440         0xf8 build/default/debug/FreeRTOS/Source/event_groups.o
 .debug_pubnames
                  0x000538         0x72 build/default/debug/FreeRTOS/Source/list.o
 .debug_pubnames
                  0x0005aa        0x2bf build/default/debug/FreeRTOS/Source/queue.o
 .debug_pubnames
                  0x000869        0x1d6 build/default/debug/FreeRTOS/Source/stream_buffer.o
 .debug_pubnames
                  0x000a3f        0x6e3 build/default/debug/FreeRTOS/Source/tasks.o
 .debug_pubnames
                  0x001122        0x181 build/default/debug/FreeRTOS/Source/timers.o
 .debug_pubnames
                  0x0012a3         0xaf build/default/debug/FreeRTOS/Source/portable/GCC/MemMang/heap_4.o
 .debug_pubnames
                  0x001352         0xd6 build/default/debug/FreeRTOS/Source/portable/MPLAB/PIC24_dsPIC/port.o
 .debug_pubnames
                  0x001428         0x28 build/default/debug/mcc_generated_files/system.o
 .debug_pubnames
                  0x001450         0x6f build/default/debug/mcc_generated_files/traps.o
 .debug_pubnames
                  0x0014bf         0x2b build/default/debug/mcc_generated_files/interrupt_manager.o
 .debug_pubnames
                  0x0014ea         0x2d build/default/debug/mcc_generated_files/pin_manager.o
 .debug_pubnames
                  0x001517         0x27 build/default/debug/mcc_generated_files/clock.o
 .debug_pubnames
                  0x00153e         0x40 build/default/debug/mcc_generated_files/delay.o
 .debug_pubnames
                  0x00157e         0xc2 build/default/debug/mcc_generated_files/uart1.o
 .debug_pubnames
                  0x001640         0xa4 build/default/debug/mcc_generated_files/adc1.o
 .debug_pubnames
                  0x0016e4        0x12d build/default/debug/mcc_generated_files/oc2.o
 .debug_pubnames
                  0x001811        0x12d build/default/debug/mcc_generated_files/oc1.o
 .debug_pubnames
                  0x00193e        0x12d build/default/debug/mcc_generated_files/oc3.o
 .debug_pubnames
                  0x001a6b        0x11a build/default/debug/mcc_generated_files/tmr2.o
 .debug_pubnames
                  0x001b85         0x2c build/default/debug/src/main.o
 .debug_pubnames
                  0x001bb1         0x6e build/default/debug/src/rtos_hooks.o
 .debug_pubnames
                  0x001c1f         0x6b build/default/debug/src/rgb_led.o

.debug_ranges
 *(.debug_ranges)

.debug_aranges    0x000000        0x580
 *(.debug_aranges)
 .debug_aranges
                  0x000000         0x18 build/default/debug/src/app/taskSerial.o
 .debug_aranges
                  0x000018         0x18 build/default/debug/src/app/taskDAC.o
 .debug_aranges
                  0x000030         0x18 build/default/debug/src/MCP4901.o
 .debug_aranges
                  0x000048         0x18 build/default/debug/src/taskButton.o
 .debug_aranges
                  0x000060         0x18 build/default/debug/src/taskADC.o
 .debug_aranges
                  0x000078         0x18 build/default/debug/FreeRTOS/Source/croutine.o
 .debug_aranges
                  0x000090         0x18 build/default/debug/FreeRTOS/Source/event_groups.o
 .debug_aranges
                  0x0000a8         0x18 build/default/debug/FreeRTOS/Source/list.o
 .debug_aranges
                  0x0000c0         0x18 build/default/debug/FreeRTOS/Source/queue.o
 .debug_aranges
                  0x0000d8         0x18 build/default/debug/FreeRTOS/Source/stream_buffer.o
 .debug_aranges
                  0x0000f0         0x18 build/default/debug/FreeRTOS/Source/tasks.o
 .debug_aranges
                  0x000108         0x18 build/default/debug/FreeRTOS/Source/timers.o
 .debug_aranges
                  0x000120         0x18 build/default/debug/FreeRTOS/Source/portable/GCC/MemMang/heap_4.o
 .debug_aranges
                  0x000138         0x18 build/default/debug/FreeRTOS/Source/portable/MPLAB/PIC24_dsPIC/port.o
 .debug_aranges
                  0x000150         0x20 build/default/debug/FreeRTOS/Source/portable/MPLAB/PIC24_dsPIC/portasm_PIC24.o
 .debug_aranges
                  0x000170         0x18 build/default/debug/mcc_generated_files/system.o
 .debug_aranges
                  0x000188         0x18 build/default/debug/mcc_generated_files/traps.o
 .debug_aranges
                  0x0001a0         0x18 build/default/debug/mcc_generated_files/interrupt_manager.o
 .debug_aranges
                  0x0001b8         0x18 build/default/debug/mcc_generated_files/pin_manager.o
 .debug_aranges
                  0x0001d0         0x18 build/default/debug/mcc_generated_files/clock.o
 .debug_aranges
                  0x0001e8         0x18 build/default/debug/mcc_generated_files/delay.o
 .debug_aranges
                  0x000200         0x20 build/default/debug/mcc_generated_files/uart1.o
 .debug_aranges
                  0x000220         0x18 build/default/debug/mcc_generated_files/adc1.o
 .debug_aranges
                  0x000238         0x18 build/default/debug/mcc_generated_files/oc2.o
 .debug_aranges
                  0x000250         0x18 build/default/debug/mcc_generated_files/oc1.o
 .debug_aranges
                  0x000268         0x18 build/default/debug/mcc_generated_files/oc3.o
 .debug_aranges
                  0x000280         0x18 build/default/debug/mcc_generated_files/tmr2.o
 .debug_aranges
                  0x000298         0x18 build/default/debug/src/main.o
 .debug_aranges
                  0x0002b0         0x18 build/default/debug/src/rtos_hooks.o
 .debug_aranges
                  0x0002c8         0x18 build/default/debug/src/rgb_led.o
 .debug_aranges
                  0x0002e0         0x20 c:/program files/microchip/xc16/v2.10/bin/bin/../../lib\libc99-pic30-elf.a(fgtge.DA_o)
 .debug_aranges
                  0x000300         0x20 c:/program files/microchip/xc16/v2.10/bin/bin/../../lib\libc99-pic30-elf.a(floatsisf.DA_o)
 .debug_aranges
                  0x000320         0x20 c:/program files/microchip/xc16/v2.10/bin/bin/../../lib\libc99-pic30-elf.a(floatunsisf.DA_o)
 .debug_aranges
                  0x000340         0x20 c:/program files/microchip/xc16/v2.10/bin/bin/../../lib\libc99-pic30-elf.a(fne.DA_o)
 .debug_aranges
                  0x000360         0x20 c:/program files/microchip/xc16/v2.10/bin/bin/../../lib\libc99-pic30-elf.a(udivsi3.DA_o)
 .debug_aranges
                  0x000380         0x20 c:/program files/microchip/xc16/v2.10/bin/bin/../../lib\libc99-pic30-elf.a(addsf3x.DA_o)
 .debug_aranges
                  0x0003a0         0x20 c:/program files/microchip/xc16/v2.10/bin/bin/../../lib\libc99-pic30-elf.a(divsf3x.DA_o)
 .debug_aranges
                  0x0003c0         0x20 c:/program files/microchip/xc16/v2.10/bin/bin/../../lib\libc99-pic30-elf.a(dnrmpackfx.DA_o)
 .debug_aranges
                  0x0003e0         0x20 c:/program files/microchip/xc16/v2.10/bin/bin/../../lib\libc99-pic30-elf.a(typefx.DA_o)
 .debug_aranges
                  0x000400         0x20 c:/program files/microchip/xc16/v2.10/bin/bin/../../lib\libc99-pic30-elf.a(propnanfx.DA_o)
 .debug_aranges
                  0x000420         0x20 c:/program files/microchip/xc16/v2.10/bin/bin/../../lib\libc99-pic30-elf.a(spackfx.DA_o)
 .debug_aranges
                  0x000440         0x20 c:/program files/microchip/xc16/v2.10/bin/bin/../../lib\libc99-pic30-elf.a(unpackfx.DA_o)
 .debug_aranges
                  0x000460         0x20 c:/program files/microchip/xc16/v2.10/bin/bin/../../lib\libc99-pic30-elf.a(fcompare.DA_o)
 .debug_aranges
                  0x000480         0x20 c:/program files/microchip/xc16/v2.10/bin/bin/../../lib\libc99-pic30-elf.a(floatdisf.DA_o)
 .debug_aranges
                  0x0004a0         0x20 c:/program files/microchip/xc16/v2.10/bin/bin/../../lib\libc99-pic30-elf.a(floatundisf.DA_o)
 .debug_aranges
                  0x0004c0         0x20 c:/program files/microchip/xc16/v2.10/bin/bin/../../lib\libc99-pic30-elf.a(fpack.DA_o)
 .debug_aranges
                  0x0004e0         0x20 c:/program files/microchip/xc16/v2.10/bin/bin/../../lib\libc99-pic30-elf.a(funpack2.DA_o)
 .debug_aranges
                  0x000500         0x20 c:/program files/microchip/xc16/v2.10/bin/bin/../../lib\libc99-pic30-elf.a(funpack.DA_o)
 .debug_aranges
                  0x000520         0x20 c:/program files/microchip/xc16/v2.10/bin/bin/../../lib\libc99-pic30-elf.a(extendsfdf.DA_o)
 .debug_aranges
                  0x000540         0x20 c:/program files/microchip/xc16/v2.10/bin/bin/../../lib\libc99-pic30-elf.a(mulsi3.DA_o)
 .debug_aranges
                  0x000560         0x20 c:/program files/microchip/xc16/v2.10/bin/bin/../../lib\libc99-pic30-elf.a(umuldi3.DA_o)
                    0x0000                  WREG0 = 0x0
                    0x0000                  _WREG0 = 0x0
                    0x0002                  WREG1 = 0x2
                    0x0002                  _WREG1 = 0x2
                    0x0004                  WREG2 = 0x4
                    0x0004                  _WREG2 = 0x4
                    0x0006                  WREG3 = 0x6
                    0x0006                  _WREG3 = 0x6
                    0x0008                  WREG4 = 0x8
                    0x0008                  _WREG4 = 0x8
                    0x000a                  WREG5 = 0xa
                    0x000a                  _WREG5 = 0xa
                    0x000c                  WREG6 = 0xc
                    0x000c                  _WREG6 = 0xc
                    0x000e                  WREG7 = 0xe
                    0x000e                  _WREG7 = 0xe
                    0x0010                  WREG8 = 0x10
                    0x0010                  _WREG8 = 0x10
                    0x0012                  WREG9 = 0x12
                    0x0012                  _WREG9 = 0x12
                    0x0014                  WREG10 = 0x14
                    0x0014                  _WREG10 = 0x14
                    0x0016                  WREG11 = 0x16
                    0x0016                  _WREG11 = 0x16
                    0x0018                  WREG12 = 0x18
                    0x0018                  _WREG12 = 0x18
                    0x001a                  WREG13 = 0x1a
                    0x001a                  _WREG13 = 0x1a
                    0x001c                  WREG14 = 0x1c
                    0x001c                  _WREG14 = 0x1c
                    0x001e                  WREG15 = 0x1e
                    0x001e                  _WREG15 = 0x1e
                    0x0020                  SPLIM = 0x20
                    0x0020                  _SPLIM = 0x20
                    0x002e                  PCL = 0x2e
                    0x002e                  _PCL = 0x2e
                    0x0030                  PCH = 0x30
                    0x0030                  _PCH = 0x30
                    0x0032                  DSRPAG = 0x32
                    0x0032                  _DSRPAG = 0x32
                    0x0032                  _DSRPAGbits = 0x32
                    0x0034                  DSWPAG = 0x34
                    0x0034                  _DSWPAG = 0x34
                    0x0034                  _DSWPAGbits = 0x34
                    0x0036                  RCOUNT = 0x36
                    0x0036                  _RCOUNT = 0x36
                    0x0042                  SR = 0x42
                    0x0042                  _SR = 0x42
                    0x0042                  _SRbits = 0x42
                    0x0044                  CORCON = 0x44
                    0x0044                  _CORCON = 0x44
                    0x0044                  _CORCONbits = 0x44
                    0x0052                  DISICNT = 0x52
                    0x0052                  _DISICNT = 0x52
                    0x0052                  _DISICNTbits = 0x52
                    0x0054                  TBLPAG = 0x54
                    0x0054                  _TBLPAG = 0x54
                    0x0054                  _TBLPAGbits = 0x54
                    0x0056                  CNPD1 = 0x56
                    0x0056                  _CNPD1 = 0x56
                    0x0056                  _CNPD1bits = 0x56
                    0x0058                  CNPD2 = 0x58
                    0x0058                  _CNPD2 = 0x58
                    0x0058                  _CNPD2bits = 0x58
                    0x005a                  CNPD3 = 0x5a
                    0x005a                  _CNPD3 = 0x5a
                    0x0062                  CNEN1 = 0x62
                    0x0062                  _CNEN1 = 0x62
                    0x0062                  _CNEN1bits = 0x62
                    0x0064                  CNEN2 = 0x64
                    0x0064                  _CNEN2 = 0x64
                    0x0064                  _CNEN2bits = 0x64
                    0x0066                  CNEN3 = 0x66
                    0x0066                  _CNEN3 = 0x66
                    0x006e                  CNPU1 = 0x6e
                    0x006e                  _CNPU1 = 0x6e
                    0x006e                  _CNPU1bits = 0x6e
                    0x0070                  CNPU2 = 0x70
                    0x0070                  _CNPU2 = 0x70
                    0x0070                  _CNPU2bits = 0x70
                    0x0072                  CNPU3 = 0x72
                    0x0072                  _CNPU3 = 0x72
                    0x0080                  INTCON1 = 0x80
                    0x0080                  _INTCON1 = 0x80
                    0x0080                  _INTCON1bits = 0x80
                    0x0082                  INTCON2 = 0x82
                    0x0082                  _INTCON2 = 0x82
                    0x0082                  _INTCON2bits = 0x82
                    0x0084                  IFS0 = 0x84
                    0x0084                  _IFS0 = 0x84
                    0x0084                  _IFS0bits = 0x84
                    0x0086                  IFS1 = 0x86
                    0x0086                  _IFS1 = 0x86
                    0x0086                  _IFS1bits = 0x86
                    0x0088                  IFS2 = 0x88
                    0x0088                  _IFS2 = 0x88
                    0x0088                  _IFS2bits = 0x88
                    0x008a                  IFS3 = 0x8a
                    0x008a                  _IFS3 = 0x8a
                    0x008a                  _IFS3bits = 0x8a
                    0x008c                  IFS4 = 0x8c
                    0x008c                  _IFS4 = 0x8c
                    0x008c                  _IFS4bits = 0x8c
                    0x008e                  IFS5 = 0x8e
                    0x008e                  _IFS5 = 0x8e
                    0x008e                  _IFS5bits = 0x8e
                    0x0090                  IFS6 = 0x90
                    0x0090                  _IFS6 = 0x90
                    0x0090                  _IFS6bits = 0x90
                    0x0092                  IFS7 = 0x92
                    0x0092                  _IFS7 = 0x92
                    0x0092                  _IFS7bits = 0x92
                    0x0094                  IEC0 = 0x94
                    0x0094                  _IEC0 = 0x94
                    0x0094                  _IEC0bits = 0x94
                    0x0096                  IEC1 = 0x96
                    0x0096                  _IEC1 = 0x96
                    0x0096                  _IEC1bits = 0x96
                    0x0098                  IEC2 = 0x98
                    0x0098                  _IEC2 = 0x98
                    0x0098                  _IEC2bits = 0x98
                    0x009a                  IEC3 = 0x9a
                    0x009a                  _IEC3 = 0x9a
                    0x009a                  _IEC3bits = 0x9a
                    0x009c                  IEC4 = 0x9c
                    0x009c                  _IEC4 = 0x9c
                    0x009c                  _IEC4bits = 0x9c
                    0x009e                  IEC5 = 0x9e
                    0x009e                  _IEC5 = 0x9e
                    0x009e                  _IEC5bits = 0x9e
                    0x00a0                  IEC6 = 0xa0
                    0x00a0                  _IEC6 = 0xa0
                    0x00a0                  _IEC6bits = 0xa0
                    0x00a2                  IEC7 = 0xa2
                    0x00a2                  _IEC7 = 0xa2
                    0x00a2                  _IEC7bits = 0xa2
                    0x00a4                  IPC0 = 0xa4
                    0x00a4                  _IPC0 = 0xa4
                    0x00a4                  _IPC0bits = 0xa4
                    0x00a6                  IPC1 = 0xa6
                    0x00a6                  _IPC1 = 0xa6
                    0x00a6                  _IPC1bits = 0xa6
                    0x00a8                  IPC2 = 0xa8
                    0x00a8                  _IPC2 = 0xa8
                    0x00a8                  _IPC2bits = 0xa8
                    0x00aa                  IPC3 = 0xaa
                    0x00aa                  _IPC3 = 0xaa
                    0x00aa                  _IPC3bits = 0xaa
                    0x00ac                  IPC4 = 0xac
                    0x00ac                  _IPC4 = 0xac
                    0x00ac                  _IPC4bits = 0xac
                    0x00ae                  IPC5 = 0xae
                    0x00ae                  _IPC5 = 0xae
                    0x00ae                  _IPC5bits = 0xae
                    0x00b0                  IPC6 = 0xb0
                    0x00b0                  _IPC6 = 0xb0
                    0x00b0                  _IPC6bits = 0xb0
                    0x00b2                  IPC7 = 0xb2
                    0x00b2                  _IPC7 = 0xb2
                    0x00b2                  _IPC7bits = 0xb2
                    0x00b4                  IPC8 = 0xb4
                    0x00b4                  _IPC8 = 0xb4
                    0x00b4                  _IPC8bits = 0xb4
                    0x00b6                  IPC9 = 0xb6
                    0x00b6                  _IPC9 = 0xb6
                    0x00b6                  _IPC9bits = 0xb6
                    0x00b8                  IPC10 = 0xb8
                    0x00b8                  _IPC10 = 0xb8
                    0x00b8                  _IPC10bits = 0xb8
                    0x00ba                  IPC11 = 0xba
                    0x00ba                  _IPC11 = 0xba
                    0x00ba                  _IPC11bits = 0xba
                    0x00bc                  IPC12 = 0xbc
                    0x00bc                  _IPC12 = 0xbc
                    0x00bc                  _IPC12bits = 0xbc
                    0x00be                  IPC13 = 0xbe
                    0x00be                  _IPC13 = 0xbe
                    0x00be                  _IPC13bits = 0xbe
                    0x00c0                  IPC14 = 0xc0
                    0x00c0                  _IPC14 = 0xc0
                    0x00c0                  _IPC14bits = 0xc0
                    0x00c2                  IPC15 = 0xc2
                    0x00c2                  _IPC15 = 0xc2
                    0x00c2                  _IPC15bits = 0xc2
                    0x00c4                  IPC16 = 0xc4
                    0x00c4                  _IPC16 = 0xc4
                    0x00c4                  _IPC16bits = 0xc4
                    0x00c8                  IPC18 = 0xc8
                    0x00c8                  _IPC18 = 0xc8
                    0x00c8                  _IPC18bits = 0xc8
                    0x00ca                  IPC19 = 0xca
                    0x00ca                  _IPC19 = 0xca
                    0x00ca                  _IPC19bits = 0xca
                    0x00cc                  IPC20 = 0xcc
                    0x00cc                  _IPC20 = 0xcc
                    0x00cc                  _IPC20bits = 0xcc
                    0x00ce                  IPC21 = 0xce
                    0x00ce                  _IPC21 = 0xce
                    0x00ce                  _IPC21bits = 0xce
                    0x00d0                  IPC22 = 0xd0
                    0x00d0                  _IPC22 = 0xd0
                    0x00d0                  _IPC22bits = 0xd0
                    0x00d2                  IPC23 = 0xd2
                    0x00d2                  _IPC23 = 0xd2
                    0x00d6                  IPC25 = 0xd6
                    0x00d6                  _IPC25 = 0xd6
                    0x00d8                  IPC26 = 0xd8
                    0x00d8                  _IPC26 = 0xd8
                    0x00d8                  _IPC26bits = 0xd8
                    0x00de                  IPC29 = 0xde
                    0x00de                  _IPC29 = 0xde
                    0x00de                  _IPC29bits = 0xde
                    0x00e0                  INTTREG = 0xe0
                    0x00e0                  _INTTREG = 0xe0
                    0x00e0                  _INTTREGbits = 0xe0
                    0x0100                  OSCCON = 0x100
                    0x0100                  _OSCCON = 0x100
                    0x0100                  _OSCCONbits = 0x100
                    0x0100                  OSCCONL = 0x100
                    0x0100                  _OSCCONL = 0x100
                    0x0101                  OSCCONH = 0x101
                    0x0101                  _OSCCONH = 0x101
                    0x0102                  CLKDIV = 0x102
                    0x0102                  _CLKDIV = 0x102
                    0x0102                  _CLKDIVbits = 0x102
                    0x0106                  OSCTUN = 0x106
                    0x0106                  _OSCTUN = 0x106
                    0x0106                  _OSCTUNbits = 0x106
                    0x0108                  RCON = 0x108
                    0x0108                  _RCON = 0x108
                    0x0108                  _RCONbits = 0x108
                    0x010a                  RCON2 = 0x10a
                    0x010a                  _RCON2 = 0x10a
                    0x010a                  _RCON2bits = 0x10a
                    0x010c                  HLVDCON = 0x10c
                    0x010c                  _HLVDCON = 0x10c
                    0x010c                  _HLVDCONbits = 0x10c
                    0x010e                  DSCON = 0x10e
                    0x010e                  _DSCON = 0x10e
                    0x010e                  _DSCONbits = 0x10e
                    0x0110                  DSWAKE = 0x110
                    0x0110                  _DSWAKE = 0x110
                    0x0110                  _DSWAKEbits = 0x110
                    0x0112                  DSGPR0 = 0x112
                    0x0112                  _DSGPR0 = 0x112
                    0x0114                  DSGPR1 = 0x114
                    0x0114                  _DSGPR1 = 0x114
                    0x011e                  ALRMVAL = 0x11e
                    0x011e                  _ALRMVAL = 0x11e
                    0x0120                  ALCFGRPT = 0x120
                    0x0120                  _ALCFGRPT = 0x120
                    0x0120                  _ALCFGRPTbits = 0x120
                    0x0122                  RTCVAL = 0x122
                    0x0122                  _RTCVAL = 0x122
                    0x0124                  RCFGCAL = 0x124
                    0x0124                  _RCFGCAL = 0x124
                    0x0124                  _RCFGCALbits = 0x124
                    0x0126                  RTCPWC = 0x126
                    0x0126                  _RTCPWC = 0x126
                    0x0126                  _RTCPWCbits = 0x126
                    0x0158                  CRCCON1 = 0x158
                    0x0158                  _CRCCON1 = 0x158
                    0x0158                  _CRCCON1bits = 0x158
                    0x015a                  CRCCON2 = 0x15a
                    0x015a                  _CRCCON2 = 0x15a
                    0x015a                  _CRCCON2bits = 0x15a
                    0x015c                  CRCXORL = 0x15c
                    0x015c                  _CRCXORL = 0x15c
                    0x015c                  _CRCXORLbits = 0x15c
                    0x015e                  CRCXORH = 0x15e
                    0x015e                  _CRCXORH = 0x15e
                    0x015e                  _CRCXORHbits = 0x15e
                    0x0160                  CRCDAT = 0x160
                    0x0160                  _CRCDAT = 0x160
                    0x0160                  CRCDATL = 0x160
                    0x0160                  _CRCDATL = 0x160
                    0x0162                  CRCDATH = 0x162
                    0x0162                  _CRCDATH = 0x162
                    0x0164                  CRCWDAT = 0x164
                    0x0164                  _CRCWDAT = 0x164
                    0x0164                  CRCWDATL = 0x164
                    0x0164                  _CRCWDATL = 0x164
                    0x0166                  CRCWDATH = 0x166
                    0x0166                  _CRCWDATH = 0x166
                    0x0168                  REFOCON1 = 0x168
                    0x0168                  _REFOCON1 = 0x168
                    0x0168                  _REFOCON1bits = 0x168
                    0x0168                  REFOCONL = 0x168
                    0x0168                  _REFOCONL = 0x168
                    0x0168                  _REFOCONLbits = 0x168
                    0x016a                  REFOCON2 = 0x16a
                    0x016a                  _REFOCON2 = 0x16a
                    0x016a                  _REFOCON2bits = 0x16a
                    0x016a                  REFOCONH = 0x16a
                    0x016a                  _REFOCONH = 0x16a
                    0x016a                  _REFOCONHbits = 0x16a
                    0x016e                  REFOTRIMH = 0x16e
                    0x016e                  _REFOTRIMH = 0x16e
                    0x016e                  _REFOTRIMHbits = 0x16e
                    0x0170                  PMD1 = 0x170
                    0x0170                  _PMD1 = 0x170
                    0x0170                  _PMD1bits = 0x170
                    0x0172                  PMD2 = 0x172
                    0x0172                  _PMD2 = 0x172
                    0x0172                  _PMD2bits = 0x172
                    0x0174                  PMD3 = 0x174
                    0x0174                  _PMD3 = 0x174
                    0x0174                  _PMD3bits = 0x174
                    0x0176                  PMD4 = 0x176
                    0x0176                  _PMD4 = 0x176
                    0x0176                  _PMD4bits = 0x176
                    0x0178                  PMD5 = 0x178
                    0x0178                  _PMD5 = 0x178
                    0x017a                  PMD6 = 0x17a
                    0x017a                  _PMD6 = 0x17a
                    0x017a                  _PMD6bits = 0x17a
                    0x017c                  PMD7 = 0x17c
                    0x017c                  _PMD7 = 0x17c
                    0x017c                  _PMD7bits = 0x17c
                    0x017e                  PMD8 = 0x17e
                    0x017e                  _PMD8 = 0x17e
                    0x017e                  _PMD8bits = 0x17e
                    0x0180                  TRISA = 0x180
                    0x0180                  _TRISA = 0x180
                    0x0180                  _TRISAbits = 0x180
                    0x0182                  PORTA = 0x182
                    0x0182                  _PORTA = 0x182
                    0x0182                  _PORTAbits = 0x182
                    0x0184                  LATA = 0x184
                    0x0184                  _LATA = 0x184
                    0x0184                  _LATAbits = 0x184
                    0x0186                  ODCA = 0x186
                    0x0186                  _ODCA = 0x186
                    0x0186                  _ODCAbits = 0x186
                    0x0188                  ANSA = 0x188
                    0x0188                  _ANSA = 0x188
                    0x0188                  _ANSAbits = 0x188
                    0x0188                  ANSELA = 0x188
                    0x0188                  _ANSELA = 0x188
                    0x0188                  _ANSELAbits = 0x188
                    0x018a                  TRISB = 0x18a
                    0x018a                  _TRISB = 0x18a
                    0x018a                  _TRISBbits = 0x18a
                    0x018c                  PORTB = 0x18c
                    0x018c                  _PORTB = 0x18c
                    0x018c                  _PORTBbits = 0x18c
                    0x018e                  LATB = 0x18e
                    0x018e                  _LATB = 0x18e
                    0x018e                  _LATBbits = 0x18e
                    0x0190                  ODCB = 0x190
                    0x0190                  _ODCB = 0x190
                    0x0190                  _ODCBbits = 0x190
                    0x0192                  ANSB = 0x192
                    0x0192                  _ANSB = 0x192
                    0x0192                  _ANSBbits = 0x192
                    0x0192                  ANSELB = 0x192
                    0x0192                  _ANSELB = 0x192
                    0x0192                  _ANSELBbits = 0x192
                    0x019e                  ANCFG = 0x19e
                    0x019e                  _ANCFG = 0x19e
                    0x019e                  _ANCFGbits = 0x19e
                    0x01a4                  CRYCON1 = 0x1a4
                    0x01a4                  _CRYCON1 = 0x1a4
                    0x01a4                  _CRYCON1bits = 0x1a4
                    0x01a4                  CRYCONL = 0x1a4
                    0x01a4                  _CRYCONL = 0x1a4
                    0x01a4                  _CRYCONLbits = 0x1a4
                    0x01a6                  CRYCON2 = 0x1a6
                    0x01a6                  _CRYCON2 = 0x1a6
                    0x01a6                  _CRYCON2bits = 0x1a6
                    0x01a6                  CRYCONH = 0x1a6
                    0x01a6                  _CRYCONH = 0x1a6
                    0x01a6                  _CRYCONHbits = 0x1a6
                    0x01a8                  CRYSTAT = 0x1a8
                    0x01a8                  _CRYSTAT = 0x1a8
                    0x01a8                  _CRYSTATbits = 0x1a8
                    0x01ac                  CRYOTP = 0x1ac
                    0x01ac                  _CRYOTP = 0x1ac
                    0x01ac                  _CRYOTPbits = 0x1ac
                    0x01b0                  CRYTXTA = 0x1b0
                    0x01b0                  _CRYTXTA = 0x1b0
                    0x01b0                  CRYTXTA0 = 0x1b0
                    0x01b0                  _CRYTXTA0 = 0x1b0
                    0x01b2                  CRYTXTA1 = 0x1b2
                    0x01b2                  _CRYTXTA1 = 0x1b2
                    0x01b4                  CRYTXTA2 = 0x1b4
                    0x01b4                  _CRYTXTA2 = 0x1b4
                    0x01b6                  CRYTXTA3 = 0x1b6
                    0x01b6                  _CRYTXTA3 = 0x1b6
                    0x01b8                  CRYTXTA4 = 0x1b8
                    0x01b8                  _CRYTXTA4 = 0x1b8
                    0x01ba                  CRYTXTA5 = 0x1ba
                    0x01ba                  _CRYTXTA5 = 0x1ba
                    0x01bc                  CRYTXTA6 = 0x1bc
                    0x01bc                  _CRYTXTA6 = 0x1bc
                    0x01be                  CRYTXTA7 = 0x1be
                    0x01be                  _CRYTXTA7 = 0x1be
                    0x01c0                  CRYKEY = 0x1c0
                    0x01c0                  _CRYKEY = 0x1c0
                    0x01c0                  CRYKEY0 = 0x1c0
                    0x01c0                  _CRYKEY0 = 0x1c0
                    0x01c2                  CRYKEY1 = 0x1c2
                    0x01c2                  _CRYKEY1 = 0x1c2
                    0x01c4                  CRYKEY2 = 0x1c4
                    0x01c4                  _CRYKEY2 = 0x1c4
                    0x01c6                  CRYKEY3 = 0x1c6
                    0x01c6                  _CRYKEY3 = 0x1c6
                    0x01c8                  CRYKEY4 = 0x1c8
                    0x01c8                  _CRYKEY4 = 0x1c8
                    0x01ca                  CRYKEY5 = 0x1ca
                    0x01ca                  _CRYKEY5 = 0x1ca
                    0x01cc                  CRYKEY6 = 0x1cc
                    0x01cc                  _CRYKEY6 = 0x1cc
                    0x01ce                  CRYKEY7 = 0x1ce
                    0x01ce                  _CRYKEY7 = 0x1ce
                    0x01d0                  CRYKEY8 = 0x1d0
                    0x01d0                  _CRYKEY8 = 0x1d0
                    0x01d2                  CRYKEY9 = 0x1d2
                    0x01d2                  _CRYKEY9 = 0x1d2
                    0x01d4                  CRYKEY10 = 0x1d4
                    0x01d4                  _CRYKEY10 = 0x1d4
                    0x01d6                  CRYKEY11 = 0x1d6
                    0x01d6                  _CRYKEY11 = 0x1d6
                    0x01d8                  CRYKEY12 = 0x1d8
                    0x01d8                  _CRYKEY12 = 0x1d8
                    0x01da                  CRYKEY13 = 0x1da
                    0x01da                  _CRYKEY13 = 0x1da
                    0x01dc                  CRYKEY14 = 0x1dc
                    0x01dc                  _CRYKEY14 = 0x1dc
                    0x01de                  CRYKEY15 = 0x1de
                    0x01de                  _CRYKEY15 = 0x1de
                    0x01e0                  CRYTXTB = 0x1e0
                    0x01e0                  _CRYTXTB = 0x1e0
                    0x01e0                  CRYTXTB0 = 0x1e0
                    0x01e0                  _CRYTXTB0 = 0x1e0
                    0x01e2                  CRYTXTB1 = 0x1e2
                    0x01e2                  _CRYTXTB1 = 0x1e2
                    0x01e4                  CRYTXTB2 = 0x1e4
                    0x01e4                  _CRYTXTB2 = 0x1e4
                    0x01e6                  CRYTXTB3 = 0x1e6
                    0x01e6                  _CRYTXTB3 = 0x1e6
                    0x01e8                  CRYTXTB4 = 0x1e8
                    0x01e8                  _CRYTXTB4 = 0x1e8
                    0x01ea                  CRYTXTB5 = 0x1ea
                    0x01ea                  _CRYTXTB5 = 0x1ea
                    0x01ec                  CRYTXTB6 = 0x1ec
                    0x01ec                  _CRYTXTB6 = 0x1ec
                    0x01ee                  CRYTXTB7 = 0x1ee
                    0x01ee                  _CRYTXTB7 = 0x1ee
                    0x01f0                  CRYTXTC = 0x1f0
                    0x01f0                  _CRYTXTC = 0x1f0
                    0x01f0                  CRYTXTC0 = 0x1f0
                    0x01f0                  _CRYTXTC0 = 0x1f0
                    0x01f2                  CRYTXTC1 = 0x1f2
                    0x01f2                  _CRYTXTC1 = 0x1f2
                    0x01f4                  CRYTXTC2 = 0x1f4
                    0x01f4                  _CRYTXTC2 = 0x1f4
                    0x01f6                  CRYTXTC3 = 0x1f6
                    0x01f6                  _CRYTXTC3 = 0x1f6
                    0x01f8                  CRYTXTC4 = 0x1f8
                    0x01f8                  _CRYTXTC4 = 0x1f8
                    0x01fa                  CRYTXTC5 = 0x1fa
                    0x01fa                  _CRYTXTC5 = 0x1fa
                    0x01fc                  CRYTXTC6 = 0x1fc
                    0x01fc                  _CRYTXTC6 = 0x1fc
                    0x01fe                  CRYTXTC7 = 0x1fe
                    0x01fe                  _CRYTXTC7 = 0x1fe
                    0x0200                  ADC1BUF0 = 0x200
                    0x0200                  _ADC1BUF0 = 0x200
                    0x0202                  ADC1BUF1 = 0x202
                    0x0202                  _ADC1BUF1 = 0x202
                    0x0204                  ADC1BUF2 = 0x204
                    0x0204                  _ADC1BUF2 = 0x204
                    0x0206                  ADC1BUF3 = 0x206
                    0x0206                  _ADC1BUF3 = 0x206
                    0x0208                  ADC1BUF4 = 0x208
                    0x0208                  _ADC1BUF4 = 0x208
                    0x020a                  ADC1BUF5 = 0x20a
                    0x020a                  _ADC1BUF5 = 0x20a
                    0x020c                  ADC1BUF6 = 0x20c
                    0x020c                  _ADC1BUF6 = 0x20c
                    0x020e                  ADC1BUF7 = 0x20e
                    0x020e                  _ADC1BUF7 = 0x20e
                    0x0210                  ADC1BUF8 = 0x210
                    0x0210                  _ADC1BUF8 = 0x210
                    0x0212                  ADC1BUF9 = 0x212
                    0x0212                  _ADC1BUF9 = 0x212
                    0x0214                  ADC1BUF10 = 0x214
                    0x0214                  _ADC1BUF10 = 0x214
                    0x0216                  ADC1BUF11 = 0x216
                    0x0216                  _ADC1BUF11 = 0x216
                    0x0218                  ADC1BUF12 = 0x218
                    0x0218                  _ADC1BUF12 = 0x218
                    0x021a                  ADC1BUF13 = 0x21a
                    0x021a                  _ADC1BUF13 = 0x21a
                    0x021c                  ADC1BUF14 = 0x21c
                    0x021c                  _ADC1BUF14 = 0x21c
                    0x021e                  ADC1BUF15 = 0x21e
                    0x021e                  _ADC1BUF15 = 0x21e
                    0x0220                  AD1CON1 = 0x220
                    0x0220                  _AD1CON1 = 0x220
                    0x0220                  _AD1CON1bits = 0x220
                    0x0222                  AD1CON2 = 0x222
                    0x0222                  _AD1CON2 = 0x222
                    0x0222                  _AD1CON2bits = 0x222
                    0x0224                  AD1CON3 = 0x224
                    0x0224                  _AD1CON3 = 0x224
                    0x0224                  _AD1CON3bits = 0x224
                    0x0228                  AD1CHS = 0x228
                    0x0228                  _AD1CHS = 0x228
                    0x0228                  _AD1CHSbits = 0x228
                    0x0228                  AD1CHS0 = 0x228
                    0x0228                  _AD1CHS0 = 0x228
                    0x0228                  _AD1CHS0bits = 0x228
                    0x022a                  AD1CSSH = 0x22a
                    0x022a                  _AD1CSSH = 0x22a
                    0x022a                  _AD1CSSHbits = 0x22a
                    0x022c                  AD1CSSL = 0x22c
                    0x022c                  _AD1CSSL = 0x22c
                    0x022c                  _AD1CSSLbits = 0x22c
                    0x022e                  AD1CON4 = 0x22e
                    0x022e                  _AD1CON4 = 0x22e
                    0x022e                  _AD1CON4bits = 0x22e
                    0x0230                  AD1CON5 = 0x230
                    0x0230                  _AD1CON5 = 0x230
                    0x0230                  _AD1CON5bits = 0x230
                    0x0234                  AD1CHITL = 0x234
                    0x0234                  _AD1CHITL = 0x234
                    0x0234                  _AD1CHITLbits = 0x234
                    0x0238                  AD1CTMENL = 0x238
                    0x0238                  _AD1CTMENL = 0x238
                    0x0238                  _AD1CTMENLbits = 0x238
                    0x023a                  AD1DMBUF = 0x23a
                    0x023a                  _AD1DMBUF = 0x23a
                    0x023a                  AD1RESDMA = 0x23a
                    0x023a                  _AD1RESDMA = 0x23a
                    0x023c                  CTMUCON1 = 0x23c
                    0x023c                  _CTMUCON1 = 0x23c
                    0x023c                  _CTMUCON1bits = 0x23c
                    0x023e                  CTMUCON2 = 0x23e
                    0x023e                  _CTMUCON2 = 0x23e
                    0x023e                  _CTMUCON2bits = 0x23e
                    0x0240                  CTMUICON = 0x240
                    0x0240                  _CTMUICON = 0x240
                    0x0240                  _CTMUICONbits = 0x240
                    0x0242                  CMSTAT = 0x242
                    0x0242                  _CMSTAT = 0x242
                    0x0242                  _CMSTATbits = 0x242
                    0x0244                  CVRCON = 0x244
                    0x0244                  _CVRCON = 0x244
                    0x0244                  _CVRCONbits = 0x244
                    0x0246                  CM1CON = 0x246
                    0x0246                  _CM1CON = 0x246
                    0x0246                  _CM1CONbits = 0x246
                    0x0248                  CM2CON = 0x248
                    0x0248                  _CM2CON = 0x248
                    0x0248                  _CM2CONbits = 0x248
                    0x024a                  CM3CON = 0x24a
                    0x024a                  _CM3CON = 0x24a
                    0x024a                  _CM3CONbits = 0x24a
                    0x024c                  TMR1 = 0x24c
                    0x024c                  _TMR1 = 0x24c
                    0x024e                  PR1 = 0x24e
                    0x024e                  _PR1 = 0x24e
                    0x0250                  T1CON = 0x250
                    0x0250                  _T1CON = 0x250
                    0x0250                  _T1CONbits = 0x250
                    0x0252                  TMR2 = 0x252
                    0x0252                  _TMR2 = 0x252
                    0x0254                  TMR3HLD = 0x254
                    0x0254                  _TMR3HLD = 0x254
                    0x0256                  TMR3 = 0x256
                    0x0256                  _TMR3 = 0x256
                    0x0258                  PR2 = 0x258
                    0x0258                  _PR2 = 0x258
                    0x025a                  PR3 = 0x25a
                    0x025a                  _PR3 = 0x25a
                    0x025c                  T2CON = 0x25c
                    0x025c                  _T2CON = 0x25c
                    0x025c                  _T2CONbits = 0x25c
                    0x025e                  T3CON = 0x25e
                    0x025e                  _T3CON = 0x25e
                    0x025e                  _T3CONbits = 0x25e
                    0x0260                  TMR4 = 0x260
                    0x0260                  _TMR4 = 0x260
                    0x0262                  TMR5HLD = 0x262
                    0x0262                  _TMR5HLD = 0x262
                    0x0264                  TMR5 = 0x264
                    0x0264                  _TMR5 = 0x264
                    0x0266                  PR4 = 0x266
                    0x0266                  _PR4 = 0x266
                    0x0268                  PR5 = 0x268
                    0x0268                  _PR5 = 0x268
                    0x026a                  T4CON = 0x26a
                    0x026a                  _T4CON = 0x26a
                    0x026a                  _T4CONbits = 0x26a
                    0x026c                  T5CON = 0x26c
                    0x026c                  _T5CON = 0x26c
                    0x026c                  _T5CONbits = 0x26c
                    0x026e                  OC1CON1 = 0x26e
                    0x026e                  _OC1CON1 = 0x26e
                    0x026e                  _OC1CON1bits = 0x26e
                    0x0270                  OC1CON2 = 0x270
                    0x0270                  _OC1CON2 = 0x270
                    0x0270                  _OC1CON2bits = 0x270
                    0x0272                  OC1RS = 0x272
                    0x0272                  _OC1RS = 0x272
                    0x0274                  OC1R = 0x274
                    0x0274                  _OC1R = 0x274
                    0x0276                  OC1TMR = 0x276
                    0x0276                  _OC1TMR = 0x276
                    0x0278                  OC2CON1 = 0x278
                    0x0278                  _OC2CON1 = 0x278
                    0x0278                  _OC2CON1bits = 0x278
                    0x027a                  OC2CON2 = 0x27a
                    0x027a                  _OC2CON2 = 0x27a
                    0x027a                  _OC2CON2bits = 0x27a
                    0x027c                  OC2RS = 0x27c
                    0x027c                  _OC2RS = 0x27c
                    0x027e                  OC2R = 0x27e
                    0x027e                  _OC2R = 0x27e
                    0x0280                  OC2TMR = 0x280
                    0x0280                  _OC2TMR = 0x280
                    0x0282                  OC3CON1 = 0x282
                    0x0282                  _OC3CON1 = 0x282
                    0x0282                  _OC3CON1bits = 0x282
                    0x0284                  OC3CON2 = 0x284
                    0x0284                  _OC3CON2 = 0x284
                    0x0284                  _OC3CON2bits = 0x284